[NO_PID]: ECPGdebug: set to 1
[NO_PID]: sqlca: code: 0, state: 00000
[NO_PID]: ECPGconnect: opening database ecpg1_regression on <DEFAULT> port <DEFAULT>  
[NO_PID]: sqlca: code: 0, state: 00000
[NO_PID]: ecpg_execute on line 59: query: create table if not exists test ( data1 bytea , data2 bytea ); with 0 parameter(s) on connection ecpg1_regression
[NO_PID]: sqlca: code: 0, state: 00000
[NO_PID]: ecpg_execute on line 59: using PQexec
[NO_PID]: sqlca: code: 0, state: 00000
[NO_PID]: ecpg_process_output on line 59: OK: CREATE TABLE
[NO_PID]: sqlca: code: 0, state: 00000
[NO_PID]: prepare_common on line 61: name ins_stmt; query: "insert into test values($1,$2)"
[NO_PID]: sqlca: code: 0, state: 00000
[NO_PID]: prepare_common on line 62: name sel_stmt; query: "select data1,data2 from test"
[NO_PID]: sqlca: code: 0, state: 00000
[NO_PID]: ecpg_execute on line 68: query: truncate test; with 0 parameter(s) on connection ecpg1_regression
[NO_PID]: sqlca: code: 0, state: 00000
[NO_PID]: ecpg_execute on line 68: using PQexec
[NO_PID]: sqlca: code: 0, state: 00000
[NO_PID]: ecpg_process_output on line 68: OK: TRUNCATE TABLE
[NO_PID]: sqlca: code: 0, state: 00000
[NO_PID]: ecpg_execute on line 69: query: insert into test values ( $1  , $2  ); with 2 parameter(s) on connection ecpg1_regression
[NO_PID]: sqlca: code: 0, state: 00000
[NO_PID]: ecpg_execute on line 69: using PQexecParams
[NO_PID]: sqlca: code: 0, state: 00000
[NO_PID]: ecpg_free_params on line 69: parameter 1 = fffefdfcfbfaf9f8f7f6f5f4f3f2f1f0efeeedecebeae9e8e7e6e5e4e3e2e1e0dfdedddcdbdad9d8d7d6d5d4d3d2d1d0cfcecdcccbcac9c8c7c6c5c4c3c2c1c0bfbebdbcbbbab9b8b7b6b5b4b3b2b1b0afaeadacabaaa9a8a7a6a5a4a3a2a1a09f9e9d9c9b9a999897969594939291908f8e8d8c8b8a898887868584838281807f7e7d7c7b7a797877767574737271706f6e6d6c6b6a696867666564636261605f5e5d5c5b5a595857565554535251504f4e4d4c4b4a494847464544434241403f3e3d3c3b3a393837363534333231302f2e2d2c2b2a292827262524232221201f1e1d1c1b1a191817161514131211100f0e0d0c0b0a09080706050403020100fffefdfcfbfaf9f8f7f6f5f4f3f2f1f0efeeedecebeae9e8e7e6e5e4e3e2e1e0dfdedddcdbdad9d8d7d6d5d4d3d2d1d0cfcecdcccbcac9c8c7c6c5c4c3c2c1c0bfbebdbcbbbab9b8b7b6b5b4b3b2b1b0afaeadacabaaa9a8a7a6a5a4a3a2a1a09f9e9d9c9b9a999897969594939291908f8e8d8c8b8a898887868584838281807f7e7d7c7b7a797877767574737271706f6e6d6c6b6a696867666564636261605f5e5d5c5b5a595857565554535251504f4e4d4c4b4a494847464544434241403f3e3d3c3b3a393837363534333231302f2e2d2c2b2a292827262524232221201f1e1d1c1b1a191817161514131211100f0e0d0c0b0a09080706050403020100
[NO_PID]: sqlca: code: 0, state: 00000
[NO_PID]: ecpg_free_params on line 69: parameter 2 = fffefdfcfbfaf9f8f7f6f5f4f3f2f1f0efeeedecebeae9e8e7e6e5e4e3e2e1e0dfdedddcdbdad9d8d7d6d5d4d3d2d1d0cfcecdcccbcac9c8c7c6c5c4c3c2c1c0bfbebdbcbbbab9b8b7b6b5b4b3b2b1b0afaeadacabaaa9a8a7a6a5a4a3a2a1a09f9e9d9c9b9a999897969594939291908f8e8d8c8b8a898887868584838281807f7e7d7c7b7a797877767574737271706f6e6d6c6b6a696867666564636261605f5e5d5c5b5a595857565554535251504f4e4d4c4b4a494847464544434241403f3e3d3c3b3a393837363534333231302f2e2d2c2b2a292827262524232221201f1e1d1c1b1a191817161514131211100f0e0d0c0b0a09080706050403020100fffefdfcfbfaf9f8f7f6f5f4f3f2f1f0efeeedecebeae9e8e7e6e5e4e3e2e1e0dfdedddcdbdad9d8d7d6d5d4d3d2d1d0cfcecdcccbcac9c8c7c6c5c4c3c2c1c0bfbebdbcbbbab9b8b7b6b5b4b3b2b1b0afaeadacabaaa9a8a7a6a5a4a3a2a1a09f9e9d9c9b9a999897969594939291908f8e8d8c8b8a898887868584838281807f7e7d7c7b7a797877767574737271706f6e6d6c6b6a696867666564636261605f5e5d5c5b5a595857565554535251504f4e4d4c4b4a494847464544434241403f3e3d3c3b3a393837363534333231302f2e2d2c2b2a292827262524232221201f1e1d1c1b1a191817161514131211100f0e0d0c0b0a09080706050403020100
[NO_PID]: sqlca: code: 0, state: 00000
[NO_PID]: ecpg_process_output on line 69: OK: INSERT 0 1
[NO_PID]: sqlca: code: 0, state: 00000
[NO_PID]: ecpg_execute on line 70: query: select data1 , data2 from test; with 0 parameter(s) on connection ecpg1_regression
[NO_PID]: sqlca: code: 0, state: 00000
[NO_PID]: ecpg_execute on line 70: using PQexec
[NO_PID]: sqlca: code: 0, state: 00000
[NO_PID]: ecpg_process_output on line 70: correctly got 1 tuples with 2 fields
[NO_PID]: sqlca: code: 0, state: 00000
[NO_PID]: ecpg_get_data on line 70: RESULT: \xfffefdfcfbfaf9f8f7f6f5f4f3f2f1f0efeeedecebeae9e8e7e6e5e4e3e2e1e0dfdedddcdbdad9d8d7d6d5d4d3d2d1d0cfcecdcccbcac9c8c7c6c5c4c3c2c1c0bfbebdbcbbbab9b8b7b6b5b4b3b2b1b0afaeadacabaaa9a8a7a6a5a4a3a2a1a09f9e9d9c9b9a999897969594939291908f8e8d8c8b8a898887868584838281807f7e7d7c7b7a797877767574737271706f6e6d6c6b6a696867666564636261605f5e5d5c5b5a595857565554535251504f4e4d4c4b4a494847464544434241403f3e3d3c3b3a393837363534333231302f2e2d2c2b2a292827262524232221201f1e1d1c1b1a191817161514131211100f0e0d0c0b0a09080706050403020100fffefdfcfbfaf9f8f7f6f5f4f3f2f1f0efeeedecebeae9e8e7e6e5e4e3e2e1e0dfdedddcdbdad9d8d7d6d5d4d3d2d1d0cfcecdcccbcac9c8c7c6c5c4c3c2c1c0bfbebdbcbbbab9b8b7b6b5b4b3b2b1b0afaeadacabaaa9a8a7a6a5a4a3a2a1a09f9e9d9c9b9a999897969594939291908f8e8d8c8b8a898887868584838281807f7e7d7c7b7a797877767574737271706f6e6d6c6b6a696867666564636261605f5e5d5c5b5a595857565554535251504f4e4d4c4b4a494847464544434241403f3e3d3c3b3a393837363534333231302f2e2d2c2b2a292827262524232221201f1e1d1c1b1a191817161514131211100f0e0d0c0b0a09080706050403020100 offset: -1; array: no
[NO_PID]: sqlca: code: 0, state: 00000
[NO_PID]: ecpg_get_data on line 70: RESULT: \xfffefdfcfbfaf9f8f7f6f5f4f3f2f1f0efeeedecebeae9e8e7e6e5e4e3e2e1e0dfdedddcdbdad9d8d7d6d5d4d3d2d1d0cfcecdcccbcac9c8c7c6c5c4c3c2c1c0bfbebdbcbbbab9b8b7b6b5b4b3b2b1b0afaeadacabaaa9a8a7a6a5a4a3a2a1a09f9e9d9c9b9a999897969594939291908f8e8d8c8b8a898887868584838281807f7e7d7c7b7a797877767574737271706f6e6d6c6b6a696867666564636261605f5e5d5c5b5a595857565554535251504f4e4d4c4b4a494847464544434241403f3e3d3c3b3a393837363534333231302f2e2d2c2b2a292827262524232221201f1e1d1c1b1a191817161514131211100f0e0d0c0b0a09080706050403020100fffefdfcfbfaf9f8f7f6f5f4f3f2f1f0efeeedecebeae9e8e7e6e5e4e3e2e1e0dfdedddcdbdad9d8d7d6d5d4d3d2d1d0cfcecdcccbcac9c8c7c6c5c4c3c2c1c0bfbebdbcbbbab9b8b7b6b5b4b3b2b1b0afaeadacabaaa9a8a7a6a5a4a3a2a1a09f9e9d9c9b9a999897969594939291908f8e8d8c8b8a898887868584838281807f7e7d7c7b7a797877767574737271706f6e6d6c6b6a696867666564636261605f5e5d5c5b5a595857565554535251504f4e4d4c4b4a494847464544434241403f3e3d3c3b3a393837363534333231302f2e2d2c2b2a292827262524232221201f1e1d1c1b1a191817161514131211100f0e0d0c0b0a09080706050403020100 offset: -1; array: no
[NO_PID]: sqlca: code: 0, state: 00000
[NO_PID]: ecpg_execute on line 76: query: truncate test; with 0 parameter(s) on connection ecpg1_regression
[NO_PID]: sqlca: code: 0, state: 00000
[NO_PID]: ecpg_execute on line 76: using PQexec
[NO_PID]: sqlca: code: 0, state: 00000
[NO_PID]: ecpg_process_output on line 76: OK: TRUNCATE TABLE
[NO_PID]: sqlca: code: 0, state: 00000
[NO_PID]: ecpg_execute on line 77: query: insert into test values ( $1  , $2  ); with 2 parameter(s) on connection ecpg1_regression
[NO_PID]: sqlca: code: 0, state: 00000
[NO_PID]: ecpg_execute on line 77: using PQexecParams
[NO_PID]: sqlca: code: 0, state: 00000
[NO_PID]: ecpg_free_params on line 77: parameter 1 = fffefdfcfbfaf9f8f7f6f5f4f3f2f1f0efeeedecebeae9e8e7e6e5e4e3e2e1e0dfdedddcdbdad9d8d7d6d5d4d3d2d1d0cfcecdcccbcac9c8c7c6c5c4c3c2c1c0bfbebdbcbbbab9b8b7b6b5b4b3b2b1b0afaeadacabaaa9a8a7a6a5a4a3a2a1a09f9e9d9c9b9a999897969594939291908f8e8d8c8b8a898887868584838281807f7e7d7c7b7a797877767574737271706f6e6d6c6b6a696867666564636261605f5e5d5c5b5a595857565554535251504f4e4d4c4b4a494847464544434241403f3e3d3c3b3a393837363534333231302f2e2d2c2b2a292827262524232221201f1e1d1c1b1a191817161514131211100f0e0d0c0b0a09080706050403020100fffefdfcfbfaf9f8f7f6f5f4f3f2f1f0efeeedecebeae9e8e7e6e5e4e3e2e1e0dfdedddcdbdad9d8d7d6d5d4d3d2d1d0cfcecdcccbcac9c8c7c6c5c4c3c2c1c0bfbebdbcbbbab9b8b7b6b5b4b3b2b1b0afaeadacabaaa9a8a7a6a5a4a3a2a1a09f9e9d9c9b9a999897969594939291908f8e8d8c8b8a898887868584838281807f7e7d7c7b7a797877767574737271706f6e6d6c6b6a696867666564636261605f5e5d5c5b5a595857565554535251504f4e4d4c4b4a494847464544434241403f3e3d3c3b3a393837363534333231302f2e2d2c2b2a292827262524232221201f1e1d1c1b1a191817161514131211100f0e0d0c0b0a09080706050403020100
[NO_PID]: sqlca: code: 0, state: 00000
[NO_PID]: ecpg_free_params on line 77: parameter 2 = fffefdfcfbfaf9f8f7f6f5f4f3f2f1f0efeeedecebeae9e8e7e6e5e4e3e2e1e0dfdedddcdbdad9d8d7d6d5d4d3d2d1d0cfcecdcccbcac9c8c7c6c5c4c3c2c1c0bfbebdbcbbbab9b8b7b6b5b4b3b2b1b0afaeadacabaaa9a8a7a6a5a4a3a2a1a09f9e9d9c9b9a999897969594939291908f8e8d8c8b8a898887868584838281807f7e7d7c7b7a797877767574737271706f6e6d6c6b6a696867666564636261605f5e5d5c5b5a595857565554535251504f4e4d4c4b4a494847464544434241403f3e3d3c3b3a393837363534333231302f2e2d2c2b2a292827262524232221201f1e1d1c1b1a191817161514131211100f0e0d0c0b0a09080706050403020100fffefdfcfbfaf9f8f7f6f5f4f3f2f1f0efeeedecebeae9e8e7e6e5e4e3e2e1e0dfdedddcdbdad9d8d7d6d5d4d3d2d1d0cfcecdcccbcac9c8c7c6c5c4c3c2c1c0bfbebdbcbbbab9b8b7b6b5b4b3b2b1b0afaeadacabaaa9a8a7a6a5a4a3a2a1a09f9e9d9c9b9a999897969594939291908f8e8d8c8b8a898887868584838281807f7e7d7c7b7a797877767574737271706f6e6d6c6b6a696867666564636261605f5e5d5c5b5a595857565554535251504f4e4d4c4b4a494847464544434241403f3e3d3c3b3a393837363534333231302f2e2d2c2b2a292827262524232221201f1e1d1c1b1a191817161514131211100f0e0d0c0b0a09080706050403020100
[NO_PID]: sqlca: code: 0, state: 00000
[NO_PID]: ecpg_process_output on line 77: OK: INSERT 0 1
[NO_PID]: sqlca: code: 0, state: 00000
[NO_PID]: ecpg_execute on line 78: query: insert into test values ( $1  , $2  ); with 2 parameter(s) on connection ecpg1_regression
[NO_PID]: sqlca: code: 0, state: 00000
[NO_PID]: ecpg_execute on line 78: using PQexecParams
[NO_PID]: sqlca: code: 0, state: 00000
[NO_PID]: ecpg_free_params on line 78: parameter 1 = fffefdfcfbfaf9f8f7f6f5f4f3f2f1f0efeeedecebeae9e8e7e6e5e4e3e2e1e0dfdedddcdbdad9d8d7d6d5d4d3d2d1d0cfcecdcccbcac9c8c7c6c5c4c3c2c1c0bfbebdbcbbbab9b8b7b6b5b4b3b2b1b0afaeadacabaaa9a8a7a6a5a4a3a2a1a09f9e9d9c9b9a999897969594939291908f8e8d8c8b8a898887868584838281807f7e7d7c7b7a797877767574737271706f6e6d6c6b6a696867666564636261605f5e5d5c5b5a595857565554535251504f4e4d4c4b4a494847464544434241403f3e3d3c3b3a393837363534333231302f2e2d2c2b2a292827262524232221201f1e1d1c1b1a191817161514131211100f0e0d0c0b0a09080706050403020100fffefdfcfbfaf9f8f7f6f5f4f3f2f1f0efeeedecebeae9e8e7e6e5e4e3e2e1e0dfdedddcdbdad9d8d7d6d5d4d3d2d1d0cfcecdcccbcac9c8c7c6c5c4c3c2c1c0bfbebdbcbbbab9b8b7b6b5b4b3b2b1b0afaeadacabaaa9a8a7a6a5a4a3a2a1a09f9e9d9c9b9a999897969594939291908f8e8d8c8b8a898887868584838281807f7e7d7c7b7a797877767574737271706f6e6d6c6b6a696867666564636261605f5e5d5c5b5a595857565554535251504f4e4d4c4b4a494847464544434241403f3e3d3c3b3a393837363534333231302f2e2d2c2b2a292827262524232221201f1e1d1c1b1a191817161514131211100f0e0d0c0b0a09080706050403020100
[NO_PID]: sqlca: code: 0, state: 00000
[NO_PID]: ecpg_free_params on line 78: parameter 2 = fffefdfcfbfaf9f8f7f6f5f4f3f2f1f0efeeedecebeae9e8e7e6e5e4e3e2e1e0dfdedddcdbdad9d8d7d6d5d4d3d2d1d0cfcecdcccbcac9c8c7c6c5c4c3c2c1c0bfbebdbcbbbab9b8b7b6b5b4b3b2b1b0afaeadacabaaa9a8a7a6a5a4a3a2a1a09f9e9d9c9b9a999897969594939291908f8e8d8c8b8a898887868584838281807f7e7d7c7b7a797877767574737271706f6e6d6c6b6a696867666564636261605f5e5d5c5b5a595857565554535251504f4e4d4c4b4a494847464544434241403f3e3d3c3b3a393837363534333231302f2e2d2c2b2a292827262524232221201f1e1d1c1b1a191817161514131211100f0e0d0c0b0a09080706050403020100fffefdfcfbfaf9f8f7f6f5f4f3f2f1f0efeeedecebeae9e8e7e6e5e4e3e2e1e0dfdedddcdbdad9d8d7d6d5d4d3d2d1d0cfcecdcccbcac9c8c7c6c5c4c3c2c1c0bfbebdbcbbbab9b8b7b6b5b4b3b2b1b0afaeadacabaaa9a8a7a6a5a4a3a2a1a09f9e9d9c9b9a999897969594939291908f8e8d8c8b8a898887868584838281807f7e7d7c7b7a797877767574737271706f6e6d6c6b6a696867666564636261605f5e5d5c5b5a595857565554535251504f4e4d4c4b4a494847464544434241403f3e3d3c3b3a393837363534333231302f2e2d2c2b2a292827262524232221201f1e1d1c1b1a191817161514131211100f0e0d0c0b0a09080706050403020100
[NO_PID]: sqlca: code: 0, state: 00000
[NO_PID]: ecpg_process_output on line 78: OK: INSERT 0 1
[NO_PID]: sqlca: code: 0, state: 00000
[NO_PID]: ecpg_execute on line 79: query: select data1 from test; with 0 parameter(s) on connection ecpg1_regression
[NO_PID]: sqlca: code: 0, state: 00000
[NO_PID]: ecpg_execute on line 79: using PQexec
[NO_PID]: sqlca: code: 0, state: 00000
[NO_PID]: ecpg_process_output on line 79: correctly got 2 tuples with 1 fields
[NO_PID]: sqlca: code: 0, state: 00000
[NO_PID]: ecpg_store_result on line 79: allocating memory for 2 tuples
[NO_PID]: sqlca: code: 0, state: 00000
[NO_PID]: ecpg_get_data on line 79: RESULT: \xfffefdfcfbfaf9f8f7f6f5f4f3f2f1f0efeeedecebeae9e8e7e6e5e4e3e2e1e0dfdedddcdbdad9d8d7d6d5d4d3d2d1d0cfcecdcccbcac9c8c7c6c5c4c3c2c1c0bfbebdbcbbbab9b8b7b6b5b4b3b2b1b0afaeadacabaaa9a8a7a6a5a4a3a2a1a09f9e9d9c9b9a999897969594939291908f8e8d8c8b8a898887868584838281807f7e7d7c7b7a797877767574737271706f6e6d6c6b6a696867666564636261605f5e5d5c5b5a595857565554535251504f4e4d4c4b4a494847464544434241403f3e3d3c3b3a393837363534333231302f2e2d2c2b2a292827262524232221201f1e1d1c1b1a191817161514131211100f0e0d0c0b0a09080706050403020100fffefdfcfbfaf9f8f7f6f5f4f3f2f1f0efeeedecebeae9e8e7e6e5e4e3e2e1e0dfdedddcdbdad9d8d7d6d5d4d3d2d1d0cfcecdcccbcac9c8c7c6c5c4c3c2c1c0bfbebdbcbbbab9b8b7b6b5b4b3b2b1b0afaeadacabaaa9a8a7a6a5a4a3a2a1a09f9e9d9c9b9a999897969594939291908f8e8d8c8b8a898887868584838281807f7e7d7c7b7a797877767574737271706f6e6d6c6b6a696867666564636261605f5e5d5c5b5a595857565554535251504f4e4d4c4b4a494847464544434241403f3e3d3c3b3a393837363534333231302f2e2d2c2b2a292827262524232221201f1e1d1c1b1a191817161514131211100f0e0d0c0b0a09080706050403020100 offset: -1; array: no
[NO_PID]: sqlca: code: 0, state: 00000
[NO_PID]: ecpg_get_data on line 79: RESULT: \xfffefdfcfbfaf9f8f7f6f5f4f3f2f1f0efeeedecebeae9e8e7e6e5e4e3e2e1e0dfdedddcdbdad9d8d7d6d5d4d3d2d1d0cfcecdcccbcac9c8c7c6c5c4c3c2c1c0bfbebdbcbbbab9b8b7b6b5b4b3b2b1b0afaeadacabaaa9a8a7a6a5a4a3a2a1a09f9e9d9c9b9a999897969594939291908f8e8d8c8b8a898887868584838281807f7e7d7c7b7a797877767574737271706f6e6d6c6b6a696867666564636261605f5e5d5c5b5a595857565554535251504f4e4d4c4b4a494847464544434241403f3e3d3c3b3a393837363534333231302f2e2d2c2b2a292827262524232221201f1e1d1c1b1a191817161514131211100f0e0d0c0b0a09080706050403020100fffefdfcfbfaf9f8f7f6f5f4f3f2f1f0efeeedecebeae9e8e7e6e5e4e3e2e1e0dfdedddcdbdad9d8d7d6d5d4d3d2d1d0cfcecdcccbcac9c8c7c6c5c4c3c2c1c0bfbebdbcbbbab9b8b7b6b5b4b3b2b1b0afaeadacabaaa9a8a7a6a5a4a3a2a1a09f9e9d9c9b9a999897969594939291908f8e8d8c8b8a898887868584838281807f7e7d7c7b7a797877767574737271706f6e6d6c6b6a696867666564636261605f5e5d5c5b5a595857565554535251504f4e4d4c4b4a494847464544434241403f3e3d3c3b3a393837363534333231302f2e2d2c2b2a292827262524232221201f1e1d1c1b1a191817161514131211100f0e0d0c0b0a09080706050403020100 offset: -1; array: no
[NO_PID]: sqlca: code: 0, state: 00000
[NO_PID]: ecpg_execute on line 86: query: truncate test; with 0 parameter(s) on connection ecpg1_regression
[NO_PID]: sqlca: code: 0, state: 00000
[NO_PID]: ecpg_execute on line 86: using PQexec
[NO_PID]: sqlca: code: 0, state: 00000
[NO_PID]: ecpg_process_output on line 86: OK: TRUNCATE TABLE
[NO_PID]: sqlca: code: 0, state: 00000
[NO_PID]: ecpg_execute on line 87: query: insert into test values($1,$2); with 2 parameter(s) on connection ecpg1_regression
[NO_PID]: sqlca: code: 0, state: 00000
[NO_PID]: ecpg_execute on line 87: using PQexecPrepared for "insert into test values($1,$2)"
[NO_PID]: sqlca: code: 0, state: 00000
[NO_PID]: ecpg_free_params on line 87: parameter 1 = fffefdfcfbfaf9f8f7f6f5f4f3f2f1f0efeeedecebeae9e8e7e6e5e4e3e2e1e0dfdedddcdbdad9d8d7d6d5d4d3d2d1d0cfcecdcccbcac9c8c7c6c5c4c3c2c1c0bfbebdbcbbbab9b8b7b6b5b4b3b2b1b0afaeadacabaaa9a8a7a6a5a4a3a2a1a09f9e9d9c9b9a999897969594939291908f8e8d8c8b8a898887868584838281807f7e7d7c7b7a797877767574737271706f6e6d6c6b6a696867666564636261605f5e5d5c5b5a595857565554535251504f4e4d4c4b4a494847464544434241403f3e3d3c3b3a393837363534333231302f2e2d2c2b2a292827262524232221201f1e1d1c1b1a191817161514131211100f0e0d0c0b0a09080706050403020100fffefdfcfbfaf9f8f7f6f5f4f3f2f1f0efeeedecebeae9e8e7e6e5e4e3e2e1e0dfdedddcdbdad9d8d7d6d5d4d3d2d1d0cfcecdcccbcac9c8c7c6c5c4c3c2c1c0bfbebdbcbbbab9b8b7b6b5b4b3b2b1b0afaeadacabaaa9a8a7a6a5a4a3a2a1a09f9e9d9c9b9a999897969594939291908f8e8d8c8b8a898887868584838281807f7e7d7c7b7a797877767574737271706f6e6d6c6b6a696867666564636261605f5e5d5c5b5a595857565554535251504f4e4d4c4b4a494847464544434241403f3e3d3c3b3a393837363534333231302f2e2d2c2b2a292827262524232221201f1e1d1c1b1a191817161514131211100f0e0d0c0b0a09080706050403020100
[NO_PID]: sqlca: code: 0, state: 00000
[NO_PID]: ecpg_free_params on line 87: parameter 2 = fffefdfcfbfaf9f8f7f6f5f4f3f2f1f0efeeedecebeae9e8e7e6e5e4e3e2e1e0dfdedddcdbdad9d8d7d6d5d4d3d2d1d0cfcecdcccbcac9c8c7c6c5c4c3c2c1c0bfbebdbcbbbab9b8b7b6b5b4b3b2b1b0afaeadacabaaa9a8a7a6a5a4a3a2a1a09f9e9d9c9b9a999897969594939291908f8e8d8c8b8a898887868584838281807f7e7d7c7b7a797877767574737271706f6e6d6c6b6a696867666564636261605f5e5d5c5b5a595857565554535251504f4e4d4c4b4a494847464544434241403f3e3d3c3b3a393837363534333231302f2e2d2c2b2a292827262524232221201f1e1d1c1b1a191817161514131211100f0e0d0c0b0a09080706050403020100fffefdfcfbfaf9f8f7f6f5f4f3f2f1f0efeeedecebeae9e8e7e6e5e4e3e2e1e0dfdedddcdbdad9d8d7d6d5d4d3d2d1d0cfcecdcccbcac9c8c7c6c5c4c3c2c1c0bfbebdbcbbbab9b8b7b6b5b4b3b2b1b0afaeadacabaaa9a8a7a6a5a4a3a2a1a09f9e9d9c9b9a999897969594939291908f8e8d8c8b8a898887868584838281807f7e7d7c7b7a797877767574737271706f6e6d6c6b6a696867666564636261605f5e5d5c5b5a595857565554535251504f4e4d4c4b4a494847464544434241403f3e3d3c3b3a393837363534333231302f2e2d2c2b2a292827262524232221201f1e1d1c1b1a191817161514131211100f0e0d0c0b0a09080706050403020100
[NO_PID]: sqlca: code: 0, state: 00000
[NO_PID]: ecpg_process_output on line 87: OK: INSERT 0 1
[NO_PID]: sqlca: code: 0, state: 00000
[NO_PID]: ecpg_execute on line 88: query: select data1,data2 from test; with 0 parameter(s) on connection ecpg1_regression
[NO_PID]: sqlca: code: 0, state: 00000
[NO_PID]: ecpg_execute on line 88: using PQexecPrepared for "select data1,data2 from test"
[NO_PID]: sqlca: code: 0, state: 00000
[NO_PID]: ecpg_process_output on line 88: correctly got 1 tuples with 2 fields
[NO_PID]: sqlca: code: 0, state: 00000
[NO_PID]: ecpg_get_data on line 88: RESULT: \xfffefdfcfbfaf9f8f7f6f5f4f3f2f1f0efeeedecebeae9e8e7e6e5e4e3e2e1e0dfdedddcdbdad9d8d7d6d5d4d3d2d1d0cfcecdcccbcac9c8c7c6c5c4c3c2c1c0bfbebdbcbbbab9b8b7b6b5b4b3b2b1b0afaeadacabaaa9a8a7a6a5a4a3a2a1a09f9e9d9c9b9a999897969594939291908f8e8d8c8b8a898887868584838281807f7e7d7c7b7a797877767574737271706f6e6d6c6b6a696867666564636261605f5e5d5c5b5a595857565554535251504f4e4d4c4b4a494847464544434241403f3e3d3c3b3a393837363534333231302f2e2d2c2b2a292827262524232221201f1e1d1c1b1a191817161514131211100f0e0d0c0b0a09080706050403020100fffefdfcfbfaf9f8f7f6f5f4f3f2f1f0efeeedecebeae9e8e7e6e5e4e3e2e1e0dfdedddcdbdad9d8d7d6d5d4d3d2d1d0cfcecdcccbcac9c8c7c6c5c4c3c2c1c0bfbebdbcbbbab9b8b7b6b5b4b3b2b1b0afaeadacabaaa9a8a7a6a5a4a3a2a1a09f9e9d9c9b9a999897969594939291908f8e8d8c8b8a898887868584838281807f7e7d7c7b7a797877767574737271706f6e6d6c6b6a696867666564636261605f5e5d5c5b5a595857565554535251504f4e4d4c4b4a494847464544434241403f3e3d3c3b3a393837363534333231302f2e2d2c2b2a292827262524232221201f1e1d1c1b1a191817161514131211100f0e0d0c0b0a09080706050403020100 offset: -1; array: no
[NO_PID]: sqlca: code: 0, state: 00000
[NO_PID]: ecpg_get_data on line 88: RESULT: \xfffefdfcfbfaf9f8f7f6f5f4f3f2f1f0efeeedecebeae9e8e7e6e5e4e3e2e1e0dfdedddcdbdad9d8d7d6d5d4d3d2d1d0cfcecdcccbcac9c8c7c6c5c4c3c2c1c0bfbebdbcbbbab9b8b7b6b5b4b3b2b1b0afaeadacabaaa9a8a7a6a5a4a3a2a1a09f9e9d9c9b9a999897969594939291908f8e8d8c8b8a898887868584838281807f7e7d7c7b7a797877767574737271706f6e6d6c6b6a696867666564636261605f5e5d5c5b5a595857565554535251504f4e4d4c4b4a494847464544434241403f3e3d3c3b3a393837363534333231302f2e2d2c2b2a292827262524232221201f1e1d1c1b1a191817161514131211100f0e0d0c0b0a09080706050403020100fffefdfcfbfaf9f8f7f6f5f4f3f2f1f0efeeedecebeae9e8e7e6e5e4e3e2e1e0dfdedddcdbdad9d8d7d6d5d4d3d2d1d0cfcecdcccbcac9c8c7c6c5c4c3c2c1c0bfbebdbcbbbab9b8b7b6b5b4b3b2b1b0afaeadacabaaa9a8a7a6a5a4a3a2a1a09f9e9d9c9b9a999897969594939291908f8e8d8c8b8a898887868584838281807f7e7d7c7b7a797877767574737271706f6e6d6c6b6a696867666564636261605f5e5d5c5b5a595857565554535251504f4e4d4c4b4a494847464544434241403f3e3d3c3b3a393837363534333231302f2e2d2c2b2a292827262524232221201f1e1d1c1b1a191817161514131211100f0e0d0c0b0a09080706050403020100 offset: -1; array: no
[NO_PID]: sqlca: code: 0, state: 00000
[NO_PID]: ecpg_execute on line 94: query: truncate test; with 0 parameter(s) on connection ecpg1_regression
[NO_PID]: sqlca: code: 0, state: 00000
[NO_PID]: ecpg_execute on line 94: using PQexec
[NO_PID]: sqlca: code: 0, state: 00000
[NO_PID]: ecpg_process_output on line 94: OK: TRUNCATE TABLE
[NO_PID]: sqlca: code: 0, state: 00000
[NO_PID]: ecpg_execute on line 97: query: insert into test values($1,$2); with 2 parameter(s) on connection ecpg1_regression
[NO_PID]: sqlca: code: 0, state: 00000
[NO_PID]: ecpg_execute on line 97: using PQexecPrepared for "insert into test values($1,$2)"
[NO_PID]: sqlca: code: 0, state: 00000
[NO_PID]: ecpg_free_params on line 97: parameter 1 = fffefdfcfbfaf9f8f7f6f5f4f3f2f1f0efeeedecebeae9e8e7e6e5e4e3e2e1e0dfdedddcdbdad9d8d7d6d5d4d3d2d1d0cfcecdcccbcac9c8c7c6c5c4c3c2c1c0bfbebdbcbbbab9b8b7b6b5b4b3b2b1b0afaeadacabaaa9a8a7a6a5a4a3a2a1a09f9e9d9c9b9a999897969594939291908f8e8d8c8b8a898887868584838281807f7e7d7c7b7a797877767574737271706f6e6d6c6b6a696867666564636261605f5e5d5c5b5a595857565554535251504f4e4d4c4b4a494847464544434241403f3e3d3c3b3a393837363534333231302f2e2d2c2b2a292827262524232221201f1e1d1c1b1a191817161514131211100f0e0d0c0b0a09080706050403020100fffefdfcfbfaf9f8f7f6f5f4f3f2f1f0efeeedecebeae9e8e7e6e5e4e3e2e1e0dfdedddcdbdad9d8d7d6d5d4d3d2d1d0cfcecdcccbcac9c8c7c6c5c4c3c2c1c0bfbebdbcbbbab9b8b7b6b5b4b3b2b1b0afaeadacabaaa9a8a7a6a5a4a3a2a1a09f9e9d9c9b9a999897969594939291908f8e8d8c8b8a898887868584838281807f7e7d7c7b7a797877767574737271706f6e6d6c6b6a696867666564636261605f5e5d5c5b5a595857565554535251504f4e4d4c4b4a494847464544434241403f3e3d3c3b3a393837363534333231302f2e2d2c2b2a292827262524232221201f1e1d1c1b1a191817161514131211100f0e0d0c0b0a09080706050403020100
[NO_PID]: sqlca: code: 0, state: 00000
[NO_PID]: ecpg_free_params on line 97: parameter 2 = fffefdfcfbfaf9f8f7f6f5f4f3f2f1f0efeeedecebeae9e8e7e6e5e4e3e2e1e0dfdedddcdbdad9d8d7d6d5d4d3d2d1d0cfcecdcccbcac9c8c7c6c5c4c3c2c1c0bfbebdbcbbbab9b8b7b6b5b4b3b2b1b0afaeadacabaaa9a8a7a6a5a4a3a2a1a09f9e9d9c9b9a999897969594939291908f8e8d8c8b8a898887868584838281807f7e7d7c7b7a797877767574737271706f6e6d6c6b6a696867666564636261605f5e5d5c5b5a595857565554535251504f4e4d4c4b4a494847464544434241403f3e3d3c3b3a393837363534333231302f2e2d2c2b2a292827262524232221201f1e1d1c1b1a191817161514131211100f0e0d0c0b0a09080706050403020100fffefdfcfbfaf9f8f7f6f5f4f3f2f1f0efeeedecebeae9e8e7e6e5e4e3e2e1e0dfdedddcdbdad9d8d7d6d5d4d3d2d1d0cfcecdcccbcac9c8c7c6c5c4c3c2c1c0bfbebdbcbbbab9b8b7b6b5b4b3b2b1b0afaeadacabaaa9a8a7a6a5a4a3a2a1a09f9e9d9c9b9a999897969594939291908f8e8d8c8b8a898887868584838281807f7e7d7c7b7a797877767574737271706f6e6d6c6b6a696867666564636261605f5e5d5c5b5a595857565554535251504f4e4d4c4b4a494847464544434241403f3e3d3c3b3a393837363534333231302f2e2d2c2b2a292827262524232221201f1e1d1c1b1a191817161514131211100f0e0d0c0b0a09080706050403020100
[NO_PID]: sqlca: code: 0, state: 00000
[NO_PID]: ecpg_process_output on line 97: OK: INSERT 0 1
[NO_PID]: sqlca: code: 0, state: 00000
[NO_PID]: ecpg_execute on line 98: query: select data1,data2 from test; with 0 parameter(s) on connection ecpg1_regression
[NO_PID]: sqlca: code: 0, state: 00000
[NO_PID]: ecpg_execute on line 98: using PQexecPrepared for "select data1,data2 from test"
[NO_PID]: sqlca: code: 0, state: 00000
[NO_PID]: ecpg_process_output on line 98: correctly got 1 tuples with 2 fields
[NO_PID]: sqlca: code: 0, state: 00000
[NO_PID]: ecpg_process_output on line 98: putting result (1 tuples) into descriptor odesc
[NO_PID]: sqlca: code: 0, state: 00000
[NO_PID]: ECPGget_desc: reading items for tuple 1
[NO_PID]: sqlca: code: 0, state: 00000
[NO_PID]: ecpg_get_data on line 99: RESULT: \xfffefdfcfbfaf9f8f7f6f5f4f3f2f1f0efeeedecebeae9e8e7e6e5e4e3e2e1e0dfdedddcdbdad9d8d7d6d5d4d3d2d1d0cfcecdcccbcac9c8c7c6c5c4c3c2c1c0bfbebdbcbbbab9b8b7b6b5b4b3b2b1b0afaeadacabaaa9a8a7a6a5a4a3a2a1a09f9e9d9c9b9a999897969594939291908f8e8d8c8b8a898887868584838281807f7e7d7c7b7a797877767574737271706f6e6d6c6b6a696867666564636261605f5e5d5c5b5a595857565554535251504f4e4d4c4b4a494847464544434241403f3e3d3c3b3a393837363534333231302f2e2d2c2b2a292827262524232221201f1e1d1c1b1a191817161514131211100f0e0d0c0b0a09080706050403020100fffefdfcfbfaf9f8f7f6f5f4f3f2f1f0efeeedecebeae9e8e7e6e5e4e3e2e1e0dfdedddcdbdad9d8d7d6d5d4d3d2d1d0cfcecdcccbcac9c8c7c6c5c4c3c2c1c0bfbebdbcbbbab9b8b7b6b5b4b3b2b1b0afaeadacabaaa9a8a7a6a5a4a3a2a1a09f9e9d9c9b9a999897969594939291908f8e8d8c8b8a898887868584838281807f7e7d7c7b7a797877767574737271706f6e6d6c6b6a696867666564636261605f5e5d5c5b5a595857565554535251504f4e4d4c4b4a494847464544434241403f3e3d3c3b3a393837363534333231302f2e2d2c2b2a292827262524232221201f1e1d1c1b1a191817161514131211100f0e0d0c0b0a09080706050403020100 offset: -1; array: no
[NO_PID]: sqlca: code: 0, state: 00000
[NO_PID]: ECPGget_desc: reading items for tuple 2
[NO_PID]: sqlca: code: 0, state: 00000
[NO_PID]: ecpg_get_data on line 100: RESULT: \xfffefdfcfbfaf9f8f7f6f5f4f3f2f1f0efeeedecebeae9e8e7e6e5e4e3e2e1e0dfdedddcdbdad9d8d7d6d5d4d3d2d1d0cfcecdcccbcac9c8c7c6c5c4c3c2c1c0bfbebdbcbbbab9b8b7b6b5b4b3b2b1b0afaeadacabaaa9a8a7a6a5a4a3a2a1a09f9e9d9c9b9a999897969594939291908f8e8d8c8b8a898887868584838281807f7e7d7c7b7a797877767574737271706f6e6d6c6b6a696867666564636261605f5e5d5c5b5a595857565554535251504f4e4d4c4b4a494847464544434241403f3e3d3c3b3a393837363534333231302f2e2d2c2b2a292827262524232221201f1e1d1c1b1a191817161514131211100f0e0d0c0b0a09080706050403020100fffefdfcfbfaf9f8f7f6f5f4f3f2f1f0efeeedecebeae9e8e7e6e5e4e3e2e1e0dfdedddcdbdad9d8d7d6d5d4d3d2d1d0cfcecdcccbcac9c8c7c6c5c4c3c2c1c0bfbebdbcbbbab9b8b7b6b5b4b3b2b1b0afaeadacabaaa9a8a7a6a5a4a3a2a1a09f9e9d9c9b9a999897969594939291908f8e8d8c8b8a898887868584838281807f7e7d7c7b7a797877767574737271706f6e6d6c6b6a696867666564636261605f5e5d5c5b5a595857565554535251504f4e4d4c4b4a494847464544434241403f3e3d3c3b3a393837363534333231302f2e2d2c2b2a292827262524232221201f1e1d1c1b1a191817161514131211100f0e0d0c0b0a09080706050403020100 offset: -1; array: no
[NO_PID]: sqlca: code: 0, state: 00000
[NO_PID]: ecpg_execute on line 104: query: drop table test; with 0 parameter(s) on connection ecpg1_regression
[NO_PID]: sqlca: code: 0, state: 00000
[NO_PID]: ecpg_execute on line 104: using PQexec
[NO_PID]: sqlca: code: 0, state: 00000
[NO_PID]: ecpg_process_output on line 104: OK: DROP TABLE
[NO_PID]: sqlca: code: 0, state: 00000
[NO_PID]: ECPGtrans on line 105: action "commit"; connection "ecpg1_regression"
[NO_PID]: sqlca: code: 0, state: 00000
[NO_PID]: deallocate_one on line 0: name sel_stmt
[NO_PID]: sqlca: code: 0, state: 00000
[NO_PID]: deallocate_one on line 0: name ins_stmt
[NO_PID]: sqlca: code: 0, state: 00000
[NO_PID]: ecpg_finish: connection ecpg1_regression closed
[NO_PID]: sqlca: code: 0, state: 00000
