[NO_PID]: ECPGdebug: set to 1
[NO_PID]: sqlca: code: 0, state: 00000
[NO_PID]: ECPGconnect: opening database ecpg1_regression on <DEFAULT> port <DEFAULT>  
[NO_PID]: sqlca: code: 0, state: 00000
[NO_PID]: ECPGconnect: opening database ecpg2_regression on <DEFAULT> port <DEFAULT>  
[NO_PID]: sqlca: code: 0, state: 00000
[NO_PID]: ecpg_execute on line 32: query: create table source ( f1 integer , f2 integer , f3 varchar ( 20 ) ); with 0 parameter(s) on connection con1
[NO_PID]: sqlca: code: 0, state: 00000
[NO_PID]: ecpg_execute on line 32: using PQexec
[NO_PID]: sqlca: code: 0, state: 00000
[NO_PID]: ecpg_process_output on line 32: OK: CREATE TABLE
[NO_PID]: sqlca: code: 0, state: 00000
[NO_PID]: ecpg_execute on line 33: query: create table source ( f1 integer , f2 integer , f3 varchar ( 20 ) ); with 0 parameter(s) on connection con2
[NO_PID]: sqlca: code: 0, state: 00000
[NO_PID]: ecpg_execute on line 33: using PQexec
[NO_PID]: sqlca: code: 0, state: 00000
[NO_PID]: ecpg_process_output on line 33: OK: CREATE TABLE
[NO_PID]: sqlca: code: 0, state: 00000
[NO_PID]: ecpg_execute on line 35: query: insert into source values ( 1 , 10 , 'db on con1' ); with 0 parameter(s) on connection con1
[NO_PID]: sqlca: code: 0, state: 00000
[NO_PID]: ecpg_execute on line 35: using PQexec
[NO_PID]: sqlca: code: 0, state: 00000
[NO_PID]: ecpg_process_output on line 35: OK: INSERT 0 1
[NO_PID]: sqlca: code: 0, state: 00000
[NO_PID]: ecpg_execute on line 36: query: insert into source values ( 2 , 20 , 'db on con1' ); with 0 parameter(s) on connection con1
[NO_PID]: sqlca: code: 0, state: 00000
[NO_PID]: ecpg_execute on line 36: using PQexec
[NO_PID]: sqlca: code: 0, state: 00000
[NO_PID]: ecpg_process_output on line 36: OK: INSERT 0 1
[NO_PID]: sqlca: code: 0, state: 00000
[NO_PID]: ecpg_execute on line 38: query: insert into source values ( 1 , 10 , 'db on con2' ); with 0 parameter(s) on connection con2
[NO_PID]: sqlca: code: 0, state: 00000
[NO_PID]: ecpg_execute on line 38: using PQexec
[NO_PID]: sqlca: code: 0, state: 00000
[NO_PID]: ecpg_process_output on line 38: OK: INSERT 0 1
[NO_PID]: sqlca: code: 0, state: 00000
[NO_PID]: ecpg_execute on line 39: query: insert into source values ( 2 , 20 , 'db on con2' ); with 0 parameter(s) on connection con2
[NO_PID]: sqlca: code: 0, state: 00000
[NO_PID]: ecpg_execute on line 39: using PQexec
[NO_PID]: sqlca: code: 0, state: 00000
[NO_PID]: ecpg_process_output on line 39: OK: INSERT 0 1
[NO_PID]: sqlca: code: 0, state: 00000
[NO_PID]: ECPGtrans on line 182: action "commit"; connection "con1"
[NO_PID]: sqlca: code: 0, state: 00000
[NO_PID]: ECPGtrans on line 183: action "commit"; connection "con2"
[NO_PID]: sqlca: code: 0, state: 00000
[NO_PID]: prepare_common on line 74: name stmt_1; query: "SELECT f1,f2,f3 FROM source"
[NO_PID]: sqlca: code: 0, state: 00000
[NO_PID]: ecpg_execute on line 76: query: declare cur_1 cursor for SELECT f1,f2,f3 FROM source; with 0 parameter(s) on connection con2
[NO_PID]: sqlca: code: 0, state: 00000
[NO_PID]: ecpg_execute on line 76: using PQexec
[NO_PID]: sqlca: code: 0, state: 00000
[NO_PID]: ecpg_process_output on line 76: OK: DECLARE CURSOR
[NO_PID]: sqlca: code: 0, state: 00000
[NO_PID]: ecpg_execute on line 82: query: fetch cur_1; with 0 parameter(s) on connection con2
[NO_PID]: sqlca: code: 0, state: 00000
[NO_PID]: ecpg_execute on line 82: using PQexec
[NO_PID]: sqlca: code: 0, state: 00000
[NO_PID]: ecpg_process_output on line 82: correctly got 1 tuples with 3 fields
[NO_PID]: sqlca: code: 0, state: 00000
[NO_PID]: ecpg_get_data on line 82: RESULT: 1 offset: -1; array: no
[NO_PID]: sqlca: code: 0, state: 00000
[NO_PID]: ecpg_get_data on line 82: RESULT: 10 offset: -1; array: no
[NO_PID]: sqlca: code: 0, state: 00000
[NO_PID]: ecpg_get_data on line 82: RESULT: db on con2 offset: -1; array: no
[NO_PID]: sqlca: code: 0, state: 00000
[NO_PID]: ecpg_execute on line 82: query: fetch cur_1; with 0 parameter(s) on connection con2
[NO_PID]: sqlca: code: 0, state: 00000
[NO_PID]: ecpg_execute on line 82: using PQexec
[NO_PID]: sqlca: code: 0, state: 00000
[NO_PID]: ecpg_process_output on line 82: correctly got 1 tuples with 3 fields
[NO_PID]: sqlca: code: 0, state: 00000
[NO_PID]: ecpg_get_data on line 82: RESULT: 2 offset: -1; array: no
[NO_PID]: sqlca: code: 0, state: 00000
[NO_PID]: ecpg_get_data on line 82: RESULT: 20 offset: -1; array: no
[NO_PID]: sqlca: code: 0, state: 00000
[NO_PID]: ecpg_get_data on line 82: RESULT: db on con2 offset: -1; array: no
[NO_PID]: sqlca: code: 0, state: 00000
[NO_PID]: ecpg_execute on line 82: query: fetch cur_1; with 0 parameter(s) on connection con2
[NO_PID]: sqlca: code: 0, state: 00000
[NO_PID]: ecpg_execute on line 82: using PQexec
[NO_PID]: sqlca: code: 0, state: 00000
[NO_PID]: ecpg_process_output on line 82: correctly got 0 tuples with 3 fields
[NO_PID]: sqlca: code: 0, state: 00000
[NO_PID]: raising sqlcode 100 on line 82: no data found on line 82
[NO_PID]: sqlca: code: 100, state: 02000
[NO_PID]: ecpg_execute on line 85: query: close cur_1; with 0 parameter(s) on connection con2
[NO_PID]: sqlca: code: 0, state: 00000
[NO_PID]: ecpg_execute on line 85: using PQexec
[NO_PID]: sqlca: code: 0, state: 00000
[NO_PID]: ecpg_process_output on line 85: OK: CLOSE CURSOR
[NO_PID]: sqlca: code: 0, state: 00000
[NO_PID]: deallocate_one on line 86: name stmt_1
[NO_PID]: sqlca: code: 0, state: 00000
[NO_PID]: ECPGdeclare on line 98: declared name stmt_2 on connection: "con1"
[NO_PID]: sqlca: code: 0, state: 00000
[NO_PID]: prepare_common on line 99: name stmt_2; query: "SELECT f1,f2,f3 FROM source"
[NO_PID]: sqlca: code: 0, state: 00000
[NO_PID]: ecpg_execute on line 101: query: declare cur_2 cursor for SELECT f1,f2,f3 FROM source; with 0 parameter(s) on connection con1
[NO_PID]: sqlca: code: 0, state: 00000
[NO_PID]: ecpg_execute on line 101: using PQexec
[NO_PID]: sqlca: code: 0, state: 00000
[NO_PID]: ecpg_process_output on line 101: OK: DECLARE CURSOR
[NO_PID]: sqlca: code: 0, state: 00000
[NO_PID]: ecpg_execute on line 107: query: fetch cur_2; with 0 parameter(s) on connection con1
[NO_PID]: sqlca: code: 0, state: 00000
[NO_PID]: ecpg_execute on line 107: using PQexec
[NO_PID]: sqlca: code: 0, state: 00000
[NO_PID]: ecpg_process_output on line 107: correctly got 1 tuples with 3 fields
[NO_PID]: sqlca: code: 0, state: 00000
[NO_PID]: ecpg_get_data on line 107: RESULT: 1 offset: -1; array: no
[NO_PID]: sqlca: code: 0, state: 00000
[NO_PID]: ecpg_get_data on line 107: RESULT: 10 offset: -1; array: no
[NO_PID]: sqlca: code: 0, state: 00000
[NO_PID]: ecpg_get_data on line 107: RESULT: db on con1 offset: -1; array: no
[NO_PID]: sqlca: code: 0, state: 00000
[NO_PID]: ecpg_execute on line 107: query: fetch cur_2; with 0 parameter(s) on connection con1
[NO_PID]: sqlca: code: 0, state: 00000
[NO_PID]: ecpg_execute on line 107: using PQexec
[NO_PID]: sqlca: code: 0, state: 00000
[NO_PID]: ecpg_process_output on line 107: correctly got 1 tuples with 3 fields
[NO_PID]: sqlca: code: 0, state: 00000
[NO_PID]: ecpg_get_data on line 107: RESULT: 2 offset: -1; array: no
[NO_PID]: sqlca: code: 0, state: 00000
[NO_PID]: ecpg_get_data on line 107: RESULT: 20 offset: -1; array: no
[NO_PID]: sqlca: code: 0, state: 00000
[NO_PID]: ecpg_get_data on line 107: RESULT: db on con1 offset: -1; array: no
[NO_PID]: sqlca: code: 0, state: 00000
[NO_PID]: ecpg_execute on line 107: query: fetch cur_2; with 0 parameter(s) on connection con1
[NO_PID]: sqlca: code: 0, state: 00000
[NO_PID]: ecpg_execute on line 107: using PQexec
[NO_PID]: sqlca: code: 0, state: 00000
[NO_PID]: ecpg_process_output on line 107: correctly got 0 tuples with 3 fields
[NO_PID]: sqlca: code: 0, state: 00000
[NO_PID]: raising sqlcode 100 on line 107: no data found on line 107
[NO_PID]: sqlca: code: 100, state: 02000
[NO_PID]: ecpg_execute on line 110: query: close cur_2; with 0 parameter(s) on connection con1
[NO_PID]: sqlca: code: 0, state: 00000
[NO_PID]: ecpg_execute on line 110: using PQexec
[NO_PID]: sqlca: code: 0, state: 00000
[NO_PID]: ecpg_process_output on line 110: OK: CLOSE CURSOR
[NO_PID]: sqlca: code: 0, state: 00000
[NO_PID]: deallocate_one on line 111: name stmt_2
[NO_PID]: sqlca: code: 0, state: 00000
[NO_PID]: ECPGdeclare on line 122: declared name stmt_3 on connection: "con1"
[NO_PID]: sqlca: code: 0, state: 00000
[NO_PID]: prepare_common on line 123: name stmt_3; query: "SELECT f1,f2,f3 FROM source"
[NO_PID]: sqlca: code: 0, state: 00000
[NO_PID]: ecpg_execute on line 125: query: declare cur_3 cursor for SELECT f1,f2,f3 FROM source; with 0 parameter(s) on connection con1
[NO_PID]: sqlca: code: 0, state: 00000
[NO_PID]: ecpg_execute on line 125: using PQexec
[NO_PID]: sqlca: code: 0, state: 00000
[NO_PID]: ecpg_process_output on line 125: OK: DECLARE CURSOR
[NO_PID]: sqlca: code: 0, state: 00000
[NO_PID]: ecpg_execute on line 131: query: fetch cur_3; with 0 parameter(s) on connection con1
[NO_PID]: sqlca: code: 0, state: 00000
[NO_PID]: ecpg_execute on line 131: using PQexec
[NO_PID]: sqlca: code: 0, state: 00000
[NO_PID]: ecpg_process_output on line 131: correctly got 1 tuples with 3 fields
[NO_PID]: sqlca: code: 0, state: 00000
[NO_PID]: ecpg_get_data on line 131: RESULT: 1 offset: -1; array: no
[NO_PID]: sqlca: code: 0, state: 00000
[NO_PID]: ecpg_get_data on line 131: RESULT: 10 offset: -1; array: no
[NO_PID]: sqlca: code: 0, state: 00000
[NO_PID]: ecpg_get_data on line 131: RESULT: db on con1 offset: -1; array: no
[NO_PID]: sqlca: code: 0, state: 00000
[NO_PID]: ecpg_execute on line 131: query: fetch cur_3; with 0 parameter(s) on connection con1
[NO_PID]: sqlca: code: 0, state: 00000
[NO_PID]: ecpg_execute on line 131: using PQexec
[NO_PID]: sqlca: code: 0, state: 00000
[NO_PID]: ecpg_process_output on line 131: correctly got 1 tuples with 3 fields
[NO_PID]: sqlca: code: 0, state: 00000
[NO_PID]: ecpg_get_data on line 131: RESULT: 2 offset: -1; array: no
[NO_PID]: sqlca: code: 0, state: 00000
[NO_PID]: ecpg_get_data on line 131: RESULT: 20 offset: -1; array: no
[NO_PID]: sqlca: code: 0, state: 00000
[NO_PID]: ecpg_get_data on line 131: RESULT: db on con1 offset: -1; array: no
[NO_PID]: sqlca: code: 0, state: 00000
[NO_PID]: ecpg_execute on line 131: query: fetch cur_3; with 0 parameter(s) on connection con1
[NO_PID]: sqlca: code: 0, state: 00000
[NO_PID]: ecpg_execute on line 131: using PQexec
[NO_PID]: sqlca: code: 0, state: 00000
[NO_PID]: ecpg_process_output on line 131: correctly got 0 tuples with 3 fields
[NO_PID]: sqlca: code: 0, state: 00000
[NO_PID]: raising sqlcode 100 on line 131: no data found on line 131
[NO_PID]: sqlca: code: 100, state: 02000
[NO_PID]: ecpg_execute on line 134: query: close cur_3; with 0 parameter(s) on connection con1
[NO_PID]: sqlca: code: 0, state: 00000
[NO_PID]: ecpg_execute on line 134: using PQexec
[NO_PID]: sqlca: code: 0, state: 00000
[NO_PID]: ecpg_process_output on line 134: OK: CLOSE CURSOR
[NO_PID]: sqlca: code: 0, state: 00000
[NO_PID]: deallocate_one on line 135: name stmt_3
[NO_PID]: sqlca: code: 0, state: 00000
[NO_PID]: prepare_common on line 148: name stmt_4; query: "SELECT f1,f2,f3 FROM source"
[NO_PID]: sqlca: code: 0, state: 00000
[NO_PID]: ecpg_execute on line 150: query: declare cur_4 cursor for SELECT f1,f2,f3 FROM source; with 0 parameter(s) on connection con2
[NO_PID]: sqlca: code: 0, state: 00000
[NO_PID]: ecpg_execute on line 150: using PQexec
[NO_PID]: sqlca: code: 0, state: 00000
[NO_PID]: ecpg_process_output on line 150: OK: DECLARE CURSOR
[NO_PID]: sqlca: code: 0, state: 00000
[NO_PID]: ecpg_execute on line 156: query: fetch cur_4; with 0 parameter(s) on connection con2
[NO_PID]: sqlca: code: 0, state: 00000
[NO_PID]: ecpg_execute on line 156: using PQexec
[NO_PID]: sqlca: code: 0, state: 00000
[NO_PID]: ecpg_process_output on line 156: correctly got 1 tuples with 3 fields
[NO_PID]: sqlca: code: 0, state: 00000
[NO_PID]: ecpg_get_data on line 156: RESULT: 1 offset: -1; array: no
[NO_PID]: sqlca: code: 0, state: 00000
[NO_PID]: ecpg_get_data on line 156: RESULT: 10 offset: -1; array: no
[NO_PID]: sqlca: code: 0, state: 00000
[NO_PID]: ecpg_get_data on line 156: RESULT: db on con2 offset: -1; array: no
[NO_PID]: sqlca: code: 0, state: 00000
[NO_PID]: ecpg_execute on line 156: query: fetch cur_4; with 0 parameter(s) on connection con2
[NO_PID]: sqlca: code: 0, state: 00000
[NO_PID]: ecpg_execute on line 156: using PQexec
[NO_PID]: sqlca: code: 0, state: 00000
[NO_PID]: ecpg_process_output on line 156: correctly got 1 tuples with 3 fields
[NO_PID]: sqlca: code: 0, state: 00000
[NO_PID]: ecpg_get_data on line 156: RESULT: 2 offset: -1; array: no
[NO_PID]: sqlca: code: 0, state: 00000
[NO_PID]: ecpg_get_data on line 156: RESULT: 20 offset: -1; array: no
[NO_PID]: sqlca: code: 0, state: 00000
[NO_PID]: ecpg_get_data on line 156: RESULT: db on con2 offset: -1; array: no
[NO_PID]: sqlca: code: 0, state: 00000
[NO_PID]: ecpg_execute on line 156: query: fetch cur_4; with 0 parameter(s) on connection con2
[NO_PID]: sqlca: code: 0, state: 00000
[NO_PID]: ecpg_execute on line 156: using PQexec
[NO_PID]: sqlca: code: 0, state: 00000
[NO_PID]: ecpg_process_output on line 156: correctly got 0 tuples with 3 fields
[NO_PID]: sqlca: code: 0, state: 00000
[NO_PID]: raising sqlcode 100 on line 156: no data found on line 156
[NO_PID]: sqlca: code: 100, state: 02000
[NO_PID]: ecpg_execute on line 159: query: close cur_4; with 0 parameter(s) on connection con2
[NO_PID]: sqlca: code: 0, state: 00000
[NO_PID]: ecpg_execute on line 159: using PQexec
[NO_PID]: sqlca: code: 0, state: 00000
[NO_PID]: ecpg_process_output on line 159: OK: CLOSE CURSOR
[NO_PID]: sqlca: code: 0, state: 00000
[NO_PID]: deallocate_one on line 160: name stmt_4
[NO_PID]: sqlca: code: 0, state: 00000
[NO_PID]: prepare_common on line 172: name stmt_5; query: "SELECT f1,f2,f3 FROM source"
[NO_PID]: sqlca: code: 0, state: 00000
[NO_PID]: ecpg_execute on line 173: query: SELECT f1,f2,f3 FROM source; with 0 parameter(s) on connection con2
[NO_PID]: sqlca: code: 0, state: 00000
[NO_PID]: ecpg_execute on line 173: using PQexecPrepared for "SELECT f1,f2,f3 FROM source"
[NO_PID]: sqlca: code: 0, state: 00000
[NO_PID]: ecpg_process_output on line 173: correctly got 2 tuples with 3 fields
[NO_PID]: sqlca: code: 0, state: 00000
[NO_PID]: ecpg_get_data on line 173: RESULT: 1 offset: -1; array: no
[NO_PID]: sqlca: code: 0, state: 00000
[NO_PID]: ecpg_get_data on line 173: RESULT: 2 offset: -1; array: no
[NO_PID]: sqlca: code: 0, state: 00000
[NO_PID]: ecpg_get_data on line 173: RESULT: 10 offset: -1; array: no
[NO_PID]: sqlca: code: 0, state: 00000
[NO_PID]: ecpg_get_data on line 173: RESULT: 20 offset: -1; array: no
[NO_PID]: sqlca: code: 0, state: 00000
[NO_PID]: ecpg_get_data on line 173: RESULT: db on con2 offset: -1; array: no
[NO_PID]: sqlca: code: 0, state: 00000
[NO_PID]: ecpg_get_data on line 173: RESULT: db on con2 offset: -1; array: no
[NO_PID]: sqlca: code: 0, state: 00000
[NO_PID]: deallocate_one on line 175: name stmt_5
[NO_PID]: sqlca: code: 0, state: 00000
[NO_PID]: ecpg_execute on line 45: query: drop table if exists source; with 0 parameter(s) on connection con1
[NO_PID]: sqlca: code: 0, state: 00000
[NO_PID]: ecpg_execute on line 45: using PQexec
[NO_PID]: sqlca: code: 0, state: 00000
[NO_PID]: ecpg_process_output on line 45: OK: DROP TABLE
[NO_PID]: sqlca: code: 0, state: 00000
[NO_PID]: ecpg_execute on line 46: query: drop table if exists source; with 0 parameter(s) on connection con2
[NO_PID]: sqlca: code: 0, state: 00000
[NO_PID]: ecpg_execute on line 46: using PQexec
[NO_PID]: sqlca: code: 0, state: 00000
[NO_PID]: ecpg_process_output on line 46: OK: DROP TABLE
[NO_PID]: sqlca: code: 0, state: 00000
[NO_PID]: ECPGtrans on line 182: action "commit"; connection "con1"
[NO_PID]: sqlca: code: 0, state: 00000
[NO_PID]: ECPGtrans on line 183: action "commit"; connection "con2"
[NO_PID]: sqlca: code: 0, state: 00000
[NO_PID]: ecpg_finish: connection con2 closed
[NO_PID]: sqlca: code: 0, state: 00000
[NO_PID]: ecpg_release_declared_statement: declared name stmt_3 is released
[NO_PID]: sqlca: code: 0, state: 00000
[NO_PID]: ecpg_release_declared_statement: declared name stmt_2 is released
[NO_PID]: sqlca: code: 0, state: 00000
[NO_PID]: ecpg_finish: connection con1 closed
[NO_PID]: sqlca: code: 0, state: 00000
