CREATE TABLE index_test(time timestamptz, temp float);
SELECT create_hypertable('index_test', 'time');
NOTICE:  adding not-null constraint to column "time"
 create_hypertable 
-------------------
 
(1 row)

-- Default indexes created
SELECT * FROM test.show_indexes('index_test');
        Index        | Columns | Expr | Unique | Primary | Exclusion | Tablespace 
---------------------+---------+------+--------+---------+-----------+------------
 index_test_time_idx | {time}  |      | f      | f       | f         | 
(1 row)

DROP TABLE index_test;
CREATE TABLE index_test(time timestamptz, device integer, temp float);
-- Create index before create_hypertable()
CREATE UNIQUE INDEX index_test_time_idx ON index_test (time);
\set ON_ERROR_STOP 0
-- Creating a hypertable from a table with an index that doesn't cover
-- all partitioning columns should fail
SELECT create_hypertable('index_test', 'time', 'device', 2);
NOTICE:  adding not-null constraint to column "time"
ERROR:  cannot create a unique index without the column "device" (used in partitioning)
\set ON_ERROR_STOP 1
-- Partitioning on only time should work
SELECT create_hypertable('index_test', 'time');
NOTICE:  adding not-null constraint to column "time"
 create_hypertable 
-------------------
 
(1 row)

INSERT INTO index_test VALUES ('2017-01-20T09:00:01', 1, 17.5);
-- Check that index is also created on chunk
SELECT * FROM test.show_indexes('index_test');
        Index        | Columns | Expr | Unique | Primary | Exclusion | Tablespace 
---------------------+---------+------+--------+---------+-----------+------------
 index_test_time_idx | {time}  |      | t      | f       | f         | 
(1 row)

SELECT * FROM test.show_indexesp('_timescaledb_internal._hyper%_chunk');
                 Table                  |                           Index                            | Columns | Expr | Unique | Primary | Exclusion | Tablespace 
----------------------------------------+------------------------------------------------------------+---------+------+--------+---------+-----------+------------
 _timescaledb_internal._hyper_3_1_chunk | _timescaledb_internal._hyper_3_1_chunk_index_test_time_idx | {time}  |      | t      | f       | f         | 
(1 row)

SELECT * FROM _timescaledb_catalog.chunk_index;
 chunk_id |              index_name              | hypertable_id | hypertable_index_name 
----------+--------------------------------------+---------------+-----------------------
        1 | _hyper_3_1_chunk_index_test_time_idx |             3 | index_test_time_idx
(1 row)

-- Create another chunk
INSERT INTO index_test VALUES ('2017-05-20T09:00:01', 3, 17.5);
SELECT * FROM test.show_indexesp('_timescaledb_internal._hyper%_chunk');
                 Table                  |                           Index                            | Columns | Expr | Unique | Primary | Exclusion | Tablespace 
----------------------------------------+------------------------------------------------------------+---------+------+--------+---------+-----------+------------
 _timescaledb_internal._hyper_3_1_chunk | _timescaledb_internal._hyper_3_1_chunk_index_test_time_idx | {time}  |      | t      | f       | f         | 
 _timescaledb_internal._hyper_3_2_chunk | _timescaledb_internal._hyper_3_2_chunk_index_test_time_idx | {time}  |      | t      | f       | f         | 
(2 rows)

SELECT * FROM _timescaledb_catalog.chunk_index;
 chunk_id |              index_name              | hypertable_id | hypertable_index_name 
----------+--------------------------------------+---------------+-----------------------
        1 | _hyper_3_1_chunk_index_test_time_idx |             3 | index_test_time_idx
        2 | _hyper_3_2_chunk_index_test_time_idx |             3 | index_test_time_idx
(2 rows)

-- Delete the index on only one chunk
DROP INDEX _timescaledb_internal._hyper_3_1_chunk_index_test_time_idx;
SELECT * FROM test.show_indexesp('_timescaledb_internal._hyper%_chunk');
                 Table                  |                           Index                            | Columns | Expr | Unique | Primary | Exclusion | Tablespace 
----------------------------------------+------------------------------------------------------------+---------+------+--------+---------+-----------+------------
 _timescaledb_internal._hyper_3_2_chunk | _timescaledb_internal._hyper_3_2_chunk_index_test_time_idx | {time}  |      | t      | f       | f         | 
(1 row)

SELECT * FROM _timescaledb_catalog.chunk_index;
 chunk_id |              index_name              | hypertable_id | hypertable_index_name 
----------+--------------------------------------+---------------+-----------------------
        2 | _hyper_3_2_chunk_index_test_time_idx |             3 | index_test_time_idx
(1 row)

-- Recreate table with new partitioning
DROP TABLE index_test;
CREATE TABLE index_test(id serial, time timestamptz, device integer, temp float);
SELECT * FROM test.show_columns('index_test');
 Column |           Type           | Nullable 
--------+--------------------------+----------
 id     | integer                  | t
 time   | timestamp with time zone | f
 device | integer                  | f
 temp   | double precision         | f
(4 rows)

-- Test that we can handle difference in attnos across hypertable and
-- chunks by dropping the ID column
ALTER TABLE index_test DROP COLUMN id;
SELECT * FROM test.show_columns('index_test');
 Column |           Type           | Nullable 
--------+--------------------------+----------
 time   | timestamp with time zone | f
 device | integer                  | f
 temp   | double precision         | f
(3 rows)

-- No pre-existing UNIQUE index, so partitioning on two columns should work
SELECT create_hypertable('index_test', 'time', 'device', 2);
NOTICE:  adding not-null constraint to column "time"
 create_hypertable 
-------------------
 
(1 row)

INSERT INTO index_test VALUES ('2017-01-20T09:00:01', 1, 17.5);
\set ON_ERROR_STOP 0
-- Create unique index without all partitioning columns should fail
CREATE UNIQUE INDEX index_test_time_device_idx ON index_test (time);
ERROR:  cannot create a unique index without the column "device" (used in partitioning)
\set ON_ERROR_STOP 1
CREATE UNIQUE INDEX index_test_time_device_idx ON index_test (time, device);
-- Regular index need not cover all partitioning columns
CREATE INDEX ON index_test (time, temp);
-- Create another chunk
INSERT INTO index_test VALUES ('2017-04-20T09:00:01', 1, 17.5);
-- New index should have been recursed to chunks
SELECT * FROM test.show_indexes('index_test');
           Index            |    Columns    | Expr | Unique | Primary | Exclusion | Tablespace 
----------------------------+---------------+------+--------+---------+-----------+------------
 index_test_time_idx        | {time}        |      | f      | f       | f         | 
 index_test_device_time_idx | {device,time} |      | f      | f       | f         | 
 index_test_time_device_idx | {time,device} |      | t      | f       | f         | 
 index_test_time_temp_idx   | {time,temp}   |      | f      | f       | f         | 
(4 rows)

SELECT * FROM test.show_indexesp('_timescaledb_internal._hyper%_chunk');
                 Table                  |                               Index                               |    Columns    | Expr | Unique | Primary | Exclusion | Tablespace 
----------------------------------------+-------------------------------------------------------------------+---------------+------+--------+---------+-----------+------------
 _timescaledb_internal._hyper_4_3_chunk | _timescaledb_internal._hyper_4_3_chunk_index_test_time_idx        | {time}        |      | f      | f       | f         | 
 _timescaledb_internal._hyper_4_3_chunk | _timescaledb_internal._hyper_4_3_chunk_index_test_device_time_idx | {device,time} |      | f      | f       | f         | 
 _timescaledb_internal._hyper_4_3_chunk | _timescaledb_internal._hyper_4_3_chunk_index_test_time_device_idx | {time,device} |      | t      | f       | f         | 
 _timescaledb_internal._hyper_4_3_chunk | _timescaledb_internal._hyper_4_3_chunk_time_temp_idx              | {time,temp}   |      | f      | f       | f         | 
 _timescaledb_internal._hyper_4_4_chunk | _timescaledb_internal._hyper_4_4_chunk_index_test_time_idx        | {time}        |      | f      | f       | f         | 
 _timescaledb_internal._hyper_4_4_chunk | _timescaledb_internal._hyper_4_4_chunk_index_test_device_time_idx | {device,time} |      | f      | f       | f         | 
 _timescaledb_internal._hyper_4_4_chunk | _timescaledb_internal._hyper_4_4_chunk_index_test_time_device_idx | {time,device} |      | t      | f       | f         | 
 _timescaledb_internal._hyper_4_4_chunk | _timescaledb_internal._hyper_4_4_chunk_index_test_time_temp_idx   | {time,temp}   |      | f      | f       | f         | 
(8 rows)

SELECT * FROM _timescaledb_catalog.chunk_index;
 chunk_id |                 index_name                  | hypertable_id |   hypertable_index_name    
----------+---------------------------------------------+---------------+----------------------------
        3 | _hyper_4_3_chunk_index_test_time_idx        |             4 | index_test_time_idx
        3 | _hyper_4_3_chunk_index_test_device_time_idx |             4 | index_test_device_time_idx
        3 | _hyper_4_3_chunk_index_test_time_device_idx |             4 | index_test_time_device_idx
        3 | _hyper_4_3_chunk_time_temp_idx              |             4 | index_test_time_temp_idx
        4 | _hyper_4_4_chunk_index_test_time_idx        |             4 | index_test_time_idx
        4 | _hyper_4_4_chunk_index_test_device_time_idx |             4 | index_test_device_time_idx
        4 | _hyper_4_4_chunk_index_test_time_device_idx |             4 | index_test_time_device_idx
        4 | _hyper_4_4_chunk_index_test_time_temp_idx   |             4 | index_test_time_temp_idx
(8 rows)

ALTER INDEX index_test_time_idx RENAME TO index_test_time_idx2;
-- Metadata and index should have changed name
SELECT * FROM test.show_indexes('index_test');
           Index            |    Columns    | Expr | Unique | Primary | Exclusion | Tablespace 
----------------------------+---------------+------+--------+---------+-----------+------------
 index_test_time_idx2       | {time}        |      | f      | f       | f         | 
 index_test_device_time_idx | {device,time} |      | f      | f       | f         | 
 index_test_time_device_idx | {time,device} |      | t      | f       | f         | 
 index_test_time_temp_idx   | {time,temp}   |      | f      | f       | f         | 
(4 rows)

SELECT * FROM test.show_indexesp('_timescaledb_internal._hyper%_chunk');
                 Table                  |                               Index                               |    Columns    | Expr | Unique | Primary | Exclusion | Tablespace 
----------------------------------------+-------------------------------------------------------------------+---------------+------+--------+---------+-----------+------------
 _timescaledb_internal._hyper_4_3_chunk | _timescaledb_internal._hyper_4_3_chunk_index_test_time_idx2       | {time}        |      | f      | f       | f         | 
 _timescaledb_internal._hyper_4_3_chunk | _timescaledb_internal._hyper_4_3_chunk_index_test_device_time_idx | {device,time} |      | f      | f       | f         | 
 _timescaledb_internal._hyper_4_3_chunk | _timescaledb_internal._hyper_4_3_chunk_index_test_time_device_idx | {time,device} |      | t      | f       | f         | 
 _timescaledb_internal._hyper_4_3_chunk | _timescaledb_internal._hyper_4_3_chunk_time_temp_idx              | {time,temp}   |      | f      | f       | f         | 
 _timescaledb_internal._hyper_4_4_chunk | _timescaledb_internal._hyper_4_4_chunk_index_test_time_idx2       | {time}        |      | f      | f       | f         | 
 _timescaledb_internal._hyper_4_4_chunk | _timescaledb_internal._hyper_4_4_chunk_index_test_device_time_idx | {device,time} |      | f      | f       | f         | 
 _timescaledb_internal._hyper_4_4_chunk | _timescaledb_internal._hyper_4_4_chunk_index_test_time_device_idx | {time,device} |      | t      | f       | f         | 
 _timescaledb_internal._hyper_4_4_chunk | _timescaledb_internal._hyper_4_4_chunk_index_test_time_temp_idx   | {time,temp}   |      | f      | f       | f         | 
(8 rows)

SELECT * FROM _timescaledb_catalog.chunk_index;
 chunk_id |                 index_name                  | hypertable_id |   hypertable_index_name    
----------+---------------------------------------------+---------------+----------------------------
        3 | _hyper_4_3_chunk_index_test_device_time_idx |             4 | index_test_device_time_idx
        3 | _hyper_4_3_chunk_index_test_time_device_idx |             4 | index_test_time_device_idx
        3 | _hyper_4_3_chunk_time_temp_idx              |             4 | index_test_time_temp_idx
        4 | _hyper_4_4_chunk_index_test_device_time_idx |             4 | index_test_device_time_idx
        4 | _hyper_4_4_chunk_index_test_time_device_idx |             4 | index_test_time_device_idx
        4 | _hyper_4_4_chunk_index_test_time_temp_idx   |             4 | index_test_time_temp_idx
        4 | _hyper_4_4_chunk_index_test_time_idx2       |             4 | index_test_time_idx2
        3 | _hyper_4_3_chunk_index_test_time_idx2       |             4 | index_test_time_idx2
(8 rows)

DROP INDEX index_test_time_idx2;
DROP INDEX index_test_time_device_idx;
-- Index should have been dropped
SELECT * FROM test.show_indexes('index_test');
           Index            |    Columns    | Expr | Unique | Primary | Exclusion | Tablespace 
----------------------------+---------------+------+--------+---------+-----------+------------
 index_test_device_time_idx | {device,time} |      | f      | f       | f         | 
 index_test_time_temp_idx   | {time,temp}   |      | f      | f       | f         | 
(2 rows)

SELECT * FROM test.show_indexesp('_timescaledb_internal._hyper%_chunk');
                 Table                  |                               Index                               |    Columns    | Expr | Unique | Primary | Exclusion | Tablespace 
----------------------------------------+-------------------------------------------------------------------+---------------+------+--------+---------+-----------+------------
 _timescaledb_internal._hyper_4_3_chunk | _timescaledb_internal._hyper_4_3_chunk_index_test_device_time_idx | {device,time} |      | f      | f       | f         | 
 _timescaledb_internal._hyper_4_3_chunk | _timescaledb_internal._hyper_4_3_chunk_time_temp_idx              | {time,temp}   |      | f      | f       | f         | 
 _timescaledb_internal._hyper_4_4_chunk | _timescaledb_internal._hyper_4_4_chunk_index_test_device_time_idx | {device,time} |      | f      | f       | f         | 
 _timescaledb_internal._hyper_4_4_chunk | _timescaledb_internal._hyper_4_4_chunk_index_test_time_temp_idx   | {time,temp}   |      | f      | f       | f         | 
(4 rows)

SELECT * FROM _timescaledb_catalog.chunk_index;
 chunk_id |                 index_name                  | hypertable_id |   hypertable_index_name    
----------+---------------------------------------------+---------------+----------------------------
        3 | _hyper_4_3_chunk_index_test_device_time_idx |             4 | index_test_device_time_idx
        3 | _hyper_4_3_chunk_time_temp_idx              |             4 | index_test_time_temp_idx
        4 | _hyper_4_4_chunk_index_test_device_time_idx |             4 | index_test_device_time_idx
        4 | _hyper_4_4_chunk_index_test_time_temp_idx   |             4 | index_test_time_temp_idx
(4 rows)

-- Create index with long name to see how this is handled on chunks
CREATE INDEX a_hypertable_index_with_a_very_very_long_name_that_truncates ON index_test (time, temp);
CREATE INDEX a_hypertable_index_with_a_very_very_long_name_that_truncates_2 ON index_test (time, temp);
SELECT * FROM test.show_indexes('index_test');
                             Index                              |    Columns    | Expr | Unique | Primary | Exclusion | Tablespace 
----------------------------------------------------------------+---------------+------+--------+---------+-----------+------------
 index_test_device_time_idx                                     | {device,time} |      | f      | f       | f         | 
 index_test_time_temp_idx                                       | {time,temp}   |      | f      | f       | f         | 
 a_hypertable_index_with_a_very_very_long_name_that_truncates   | {time,temp}   |      | f      | f       | f         | 
 a_hypertable_index_with_a_very_very_long_name_that_truncates_2 | {time,temp}   |      | f      | f       | f         | 
(4 rows)

SELECT * FROM test.show_indexesp('_timescaledb_internal._hyper%_chunk');
                 Table                  |                                         Index                                         |    Columns    | Expr | Unique | Primary | Exclusion | Tablespace 
----------------------------------------+---------------------------------------------------------------------------------------+---------------+------+--------+---------+-----------+------------
 _timescaledb_internal._hyper_4_3_chunk | _timescaledb_internal._hyper_4_3_chunk_index_test_device_time_idx                     | {device,time} |      | f      | f       | f         | 
 _timescaledb_internal._hyper_4_3_chunk | _timescaledb_internal._hyper_4_3_chunk_time_temp_idx                                  | {time,temp}   |      | f      | f       | f         | 
 _timescaledb_internal._hyper_4_3_chunk | _timescaledb_internal._hyper_4_3_chunk_a_hypertable_index_with_a_very_very_long_name_ | {time,temp}   |      | f      | f       | f         | 
 _timescaledb_internal._hyper_4_3_chunk | _timescaledb_internal._hyper_4_3_chunk_a_hypertable_index_with_a_very_very_long_nam_1 | {time,temp}   |      | f      | f       | f         | 
 _timescaledb_internal._hyper_4_4_chunk | _timescaledb_internal._hyper_4_4_chunk_index_test_device_time_idx                     | {device,time} |      | f      | f       | f         | 
 _timescaledb_internal._hyper_4_4_chunk | _timescaledb_internal._hyper_4_4_chunk_index_test_time_temp_idx                       | {time,temp}   |      | f      | f       | f         | 
 _timescaledb_internal._hyper_4_4_chunk | _timescaledb_internal._hyper_4_4_chunk_a_hypertable_index_with_a_very_very_long_name_ | {time,temp}   |      | f      | f       | f         | 
 _timescaledb_internal._hyper_4_4_chunk | _timescaledb_internal._hyper_4_4_chunk_a_hypertable_index_with_a_very_very_long_nam_1 | {time,temp}   |      | f      | f       | f         | 
(8 rows)

DROP INDEX a_hypertable_index_with_a_very_very_long_name_that_truncates;
DROP INDEX a_hypertable_index_with_a_very_very_long_name_that_truncates_2;
\set ON_ERROR_STOP 0
-- Create index CONCURRENTLY
CREATE UNIQUE INDEX CONCURRENTLY index_test_time_device_idx ON index_test (time, device);
ERROR:  hypertables do not support concurrent index creation
\set ON_ERROR_STOP 1
-- Test tablespaces. Chunk indexes should end up in same tablespace as
-- main index.
\c single :ROLE_SUPERUSER
SET client_min_messages = ERROR;
DROP TABLESPACE IF EXISTS tablespace1;
DROP TABLESPACE IF EXISTS tablespace2;
SET client_min_messages = NOTICE;
CREATE TABLESPACE tablespace1 OWNER :ROLE_DEFAULT_PERM_USER LOCATION :TEST_TABLESPACE1_PATH;
\c single :ROLE_DEFAULT_PERM_USER
CREATE INDEX index_test_time_idx ON index_test (time) TABLESPACE tablespace1;
SELECT * FROM test.show_indexes('index_test');
           Index            |    Columns    | Expr | Unique | Primary | Exclusion | Tablespace  
----------------------------+---------------+------+--------+---------+-----------+-------------
 index_test_device_time_idx | {device,time} |      | f      | f       | f         | 
 index_test_time_temp_idx   | {time,temp}   |      | f      | f       | f         | 
 index_test_time_idx        | {time}        |      | f      | f       | f         | tablespace1
(3 rows)

SELECT * FROM test.show_indexesp('_timescaledb_internal._hyper%_chunk');
                 Table                  |                               Index                               |    Columns    | Expr | Unique | Primary | Exclusion | Tablespace  
----------------------------------------+-------------------------------------------------------------------+---------------+------+--------+---------+-----------+-------------
 _timescaledb_internal._hyper_4_3_chunk | _timescaledb_internal._hyper_4_3_chunk_index_test_device_time_idx | {device,time} |      | f      | f       | f         | 
 _timescaledb_internal._hyper_4_3_chunk | _timescaledb_internal._hyper_4_3_chunk_time_temp_idx              | {time,temp}   |      | f      | f       | f         | 
 _timescaledb_internal._hyper_4_3_chunk | _timescaledb_internal._hyper_4_3_chunk_index_test_time_idx        | {time}        |      | f      | f       | f         | tablespace1
 _timescaledb_internal._hyper_4_4_chunk | _timescaledb_internal._hyper_4_4_chunk_index_test_device_time_idx | {device,time} |      | f      | f       | f         | 
 _timescaledb_internal._hyper_4_4_chunk | _timescaledb_internal._hyper_4_4_chunk_index_test_time_temp_idx   | {time,temp}   |      | f      | f       | f         | 
 _timescaledb_internal._hyper_4_4_chunk | _timescaledb_internal._hyper_4_4_chunk_index_test_time_idx        | {time}        |      | f      | f       | f         | tablespace1
(6 rows)

\c single :ROLE_SUPERUSER
CREATE TABLESPACE tablespace2 OWNER :ROLE_DEFAULT_PERM_USER LOCATION :TEST_TABLESPACE2_PATH;
\c single :ROLE_DEFAULT_PERM_USER
ALTER INDEX index_test_time_idx SET TABLESPACE tablespace2;
SELECT * FROM test.show_indexes('index_test');
           Index            |    Columns    | Expr | Unique | Primary | Exclusion | Tablespace  
----------------------------+---------------+------+--------+---------+-----------+-------------
 index_test_device_time_idx | {device,time} |      | f      | f       | f         | 
 index_test_time_temp_idx   | {time,temp}   |      | f      | f       | f         | 
 index_test_time_idx        | {time}        |      | f      | f       | f         | tablespace2
(3 rows)

SELECT * FROM test.show_indexesp('_timescaledb_internal._hyper%_chunk');
                 Table                  |                               Index                               |    Columns    | Expr | Unique | Primary | Exclusion | Tablespace  
----------------------------------------+-------------------------------------------------------------------+---------------+------+--------+---------+-----------+-------------
 _timescaledb_internal._hyper_4_3_chunk | _timescaledb_internal._hyper_4_3_chunk_index_test_device_time_idx | {device,time} |      | f      | f       | f         | 
 _timescaledb_internal._hyper_4_3_chunk | _timescaledb_internal._hyper_4_3_chunk_time_temp_idx              | {time,temp}   |      | f      | f       | f         | 
 _timescaledb_internal._hyper_4_3_chunk | _timescaledb_internal._hyper_4_3_chunk_index_test_time_idx        | {time}        |      | f      | f       | f         | tablespace2
 _timescaledb_internal._hyper_4_4_chunk | _timescaledb_internal._hyper_4_4_chunk_index_test_device_time_idx | {device,time} |      | f      | f       | f         | 
 _timescaledb_internal._hyper_4_4_chunk | _timescaledb_internal._hyper_4_4_chunk_index_test_time_temp_idx   | {time,temp}   |      | f      | f       | f         | 
 _timescaledb_internal._hyper_4_4_chunk | _timescaledb_internal._hyper_4_4_chunk_index_test_time_idx        | {time}        |      | f      | f       | f         | tablespace2
(6 rows)

-- Add constraint index
ALTER TABLE index_test ADD UNIQUE (time, device);
SELECT * FROM test.show_indexes('index_test');
           Index            |    Columns    | Expr | Unique | Primary | Exclusion | Tablespace  
----------------------------+---------------+------+--------+---------+-----------+-------------
 index_test_device_time_idx | {device,time} |      | f      | f       | f         | 
 index_test_time_temp_idx   | {time,temp}   |      | f      | f       | f         | 
 index_test_time_idx        | {time}        |      | f      | f       | f         | tablespace2
 index_test_time_device_key | {time,device} |      | t      | f       | f         | 
(4 rows)

SELECT * FROM test.show_indexesp('_timescaledb_internal._hyper%_chunk');
                 Table                  |                               Index                               |    Columns    | Expr | Unique | Primary | Exclusion | Tablespace  
----------------------------------------+-------------------------------------------------------------------+---------------+------+--------+---------+-----------+-------------
 _timescaledb_internal._hyper_4_3_chunk | _timescaledb_internal._hyper_4_3_chunk_index_test_device_time_idx | {device,time} |      | f      | f       | f         | 
 _timescaledb_internal._hyper_4_3_chunk | _timescaledb_internal._hyper_4_3_chunk_time_temp_idx              | {time,temp}   |      | f      | f       | f         | 
 _timescaledb_internal._hyper_4_3_chunk | _timescaledb_internal._hyper_4_3_chunk_index_test_time_idx        | {time}        |      | f      | f       | f         | tablespace2
 _timescaledb_internal._hyper_4_3_chunk | _timescaledb_internal."3_1_index_test_time_device_key"            | {time,device} |      | t      | f       | f         | 
 _timescaledb_internal._hyper_4_4_chunk | _timescaledb_internal._hyper_4_4_chunk_index_test_device_time_idx | {device,time} |      | f      | f       | f         | 
 _timescaledb_internal._hyper_4_4_chunk | _timescaledb_internal._hyper_4_4_chunk_index_test_time_temp_idx   | {time,temp}   |      | f      | f       | f         | 
 _timescaledb_internal._hyper_4_4_chunk | _timescaledb_internal._hyper_4_4_chunk_index_test_time_idx        | {time}        |      | f      | f       | f         | tablespace2
 _timescaledb_internal._hyper_4_4_chunk | _timescaledb_internal."4_2_index_test_time_device_key"            | {time,device} |      | t      | f       | f         | 
(8 rows)

-- Constraint indexes are added to chunk_index table.
SELECT * FROM _timescaledb_catalog.chunk_index;
 chunk_id |                 index_name                  | hypertable_id |   hypertable_index_name    
----------+---------------------------------------------+---------------+----------------------------
        3 | _hyper_4_3_chunk_index_test_device_time_idx |             4 | index_test_device_time_idx
        3 | _hyper_4_3_chunk_time_temp_idx              |             4 | index_test_time_temp_idx
        4 | _hyper_4_4_chunk_index_test_device_time_idx |             4 | index_test_device_time_idx
        4 | _hyper_4_4_chunk_index_test_time_temp_idx   |             4 | index_test_time_temp_idx
        3 | _hyper_4_3_chunk_index_test_time_idx        |             4 | index_test_time_idx
        4 | _hyper_4_4_chunk_index_test_time_idx        |             4 | index_test_time_idx
        3 | 3_1_index_test_time_device_key              |             4 | index_test_time_device_key
        4 | 4_2_index_test_time_device_key              |             4 | index_test_time_device_key
(8 rows)

SELECT * FROM _timescaledb_catalog.chunk_constraint;
 chunk_id | dimension_slice_id |        constraint_name         | hypertable_constraint_name 
----------+--------------------+--------------------------------+----------------------------
        3 |                  3 | constraint_3                   | 
        3 |                  4 | constraint_4                   | 
        4 |                  5 | constraint_5                   | 
        4 |                  4 | constraint_4                   | 
        3 |                    | 3_1_index_test_time_device_key | index_test_time_device_key
        4 |                    | 4_2_index_test_time_device_key | index_test_time_device_key
(6 rows)

DROP TABLE index_test;
-- Metadata removed
SELECT * FROM _timescaledb_catalog.chunk_index;
 chunk_id | index_name | hypertable_id | hypertable_index_name 
----------+------------+---------------+-----------------------
(0 rows)

-- Create table in a tablespace
CREATE TABLE index_test(time timestamptz, temp float, device int) TABLESPACE tablespace1;
-- Default indexes should be in the table's tablespace
SELECT create_hypertable('index_test', 'time');
NOTICE:  adding not-null constraint to column "time"
 create_hypertable 
-------------------
 
(1 row)

-- Explicitly defining an index tablespace should work and propagate
-- to chunks
CREATE INDEX ON index_test (time, device) TABLESPACE tablespace2;
-- New indexes without explicit tablespaces should use the default
-- tablespace
CREATE INDEX ON index_test (device);
-- Create chunk
INSERT INTO index_test VALUES ('2017-01-20T09:00:01', 17.5);
-- Check that the tablespaces of chunk indexes match the tablespace of
-- the main index
SELECT * FROM test.show_indexes('index_test');
           Index            |    Columns    | Expr | Unique | Primary | Exclusion | Tablespace  
----------------------------+---------------+------+--------+---------+-----------+-------------
 index_test_time_idx        | {time}        |      | f      | f       | f         | tablespace1
 index_test_time_device_idx | {time,device} |      | f      | f       | f         | tablespace2
 index_test_device_idx      | {device}      |      | f      | f       | f         | 
(3 rows)

SELECT * FROM test.show_indexesp('_timescaledb_internal._hyper%_chunk');
                 Table                  |                               Index                               |    Columns    | Expr | Unique | Primary | Exclusion | Tablespace  
----------------------------------------+-------------------------------------------------------------------+---------------+------+--------+---------+-----------+-------------
 _timescaledb_internal._hyper_5_5_chunk | _timescaledb_internal._hyper_5_5_chunk_index_test_time_idx        | {time}        |      | f      | f       | f         | tablespace1
 _timescaledb_internal._hyper_5_5_chunk | _timescaledb_internal._hyper_5_5_chunk_index_test_time_device_idx | {time,device} |      | f      | f       | f         | tablespace2
 _timescaledb_internal._hyper_5_5_chunk | _timescaledb_internal._hyper_5_5_chunk_index_test_device_idx      | {device}      |      | f      | f       | f         | tablespace1
(3 rows)

-- Creating a new index should propagate to existing chunks, including
-- the given tablespace
CREATE INDEX ON index_test (time, temp) TABLESPACE tablespace2;
SELECT * FROM test.show_indexes('index_test');
           Index            |    Columns    | Expr | Unique | Primary | Exclusion | Tablespace  
----------------------------+---------------+------+--------+---------+-----------+-------------
 index_test_time_idx        | {time}        |      | f      | f       | f         | tablespace1
 index_test_time_device_idx | {time,device} |      | f      | f       | f         | tablespace2
 index_test_device_idx      | {device}      |      | f      | f       | f         | 
 index_test_time_temp_idx   | {time,temp}   |      | f      | f       | f         | tablespace2
(4 rows)

SELECT * FROM test.show_indexesp('_timescaledb_internal._hyper%_chunk');
                 Table                  |                               Index                               |    Columns    | Expr | Unique | Primary | Exclusion | Tablespace  
----------------------------------------+-------------------------------------------------------------------+---------------+------+--------+---------+-----------+-------------
 _timescaledb_internal._hyper_5_5_chunk | _timescaledb_internal._hyper_5_5_chunk_index_test_time_idx        | {time}        |      | f      | f       | f         | tablespace1
 _timescaledb_internal._hyper_5_5_chunk | _timescaledb_internal._hyper_5_5_chunk_index_test_time_device_idx | {time,device} |      | f      | f       | f         | tablespace2
 _timescaledb_internal._hyper_5_5_chunk | _timescaledb_internal._hyper_5_5_chunk_index_test_device_idx      | {device}      |      | f      | f       | f         | tablespace1
 _timescaledb_internal._hyper_5_5_chunk | _timescaledb_internal._hyper_5_5_chunk_time_temp_idx              | {time,temp}   |      | f      | f       | f         | tablespace2
(4 rows)

-- Cleanup
DROP TABLE index_test CASCADE;
\c single :ROLE_SUPERUSER
DROP TABLESPACE tablespace1;
DROP TABLESPACE tablespace2;
-- Test expression indexes
CREATE TABLE index_expr_test(id serial, time timestamptz, temp float, meta jsonb);
-- Screw up the attribute numbers
ALTER TABLE index_expr_test DROP COLUMN id;
CREATE INDEX ON index_expr_test ((meta ->> 'field')) ;
INSERT INTO index_expr_test VALUES ('2017-01-20T09:00:01', 17.5, '{"field": "value1"}');
INSERT INTO index_expr_test VALUES ('2017-01-20T09:00:01', 17.5, '{"field": "value2"}');
EXPLAIN (verbose, costs off)
SELECT * FROM index_expr_test WHERE meta ->> 'field' = 'value1';
                                   QUERY PLAN                                    
---------------------------------------------------------------------------------
 Bitmap Heap Scan on public.index_expr_test
   Output: "time", temp, meta
   Recheck Cond: ((index_expr_test.meta ->> 'field'::text) = 'value1'::text)
   ->  Bitmap Index Scan on index_expr_test_expr_idx
         Index Cond: ((index_expr_test.meta ->> 'field'::text) = 'value1'::text)
(5 rows)

SELECT * FROM index_expr_test WHERE meta ->> 'field' = 'value1';
             time             | temp |        meta         
------------------------------+------+---------------------
 Fri Jan 20 09:00:01 2017 PST | 17.5 | {"field": "value1"}
(1 row)

