\o /dev/null
\ir include/insert_two_partitions.sql
\c single
CREATE TABLE PUBLIC."two_Partitions" (
  "timeCustom" BIGINT NOT NULL,
  device_id TEXT NOT NULL,
  series_0 DOUBLE PRECISION NULL,
  series_1 DOUBLE PRECISION NULL,
  series_2 DOUBLE PRECISION NULL,
  series_bool BOOLEAN NULL
);
CREATE INDEX ON PUBLIC."two_Partitions" (device_id, "timeCustom" DESC NULLS LAST) WHERE device_id IS NOT NULL;
CREATE INDEX ON PUBLIC."two_Partitions" ("timeCustom" DESC NULLS LAST, series_0) WHERE series_0 IS NOT NULL;
CREATE INDEX ON PUBLIC."two_Partitions" ("timeCustom" DESC NULLS LAST, series_1)  WHERE series_1 IS NOT NULL;
CREATE INDEX ON PUBLIC."two_Partitions" ("timeCustom" DESC NULLS LAST, series_2) WHERE series_2 IS NOT NULL;
CREATE INDEX ON PUBLIC."two_Partitions" ("timeCustom" DESC NULLS LAST, series_bool) WHERE series_bool IS NOT NULL;
CREATE INDEX ON PUBLIC."two_Partitions" ("timeCustom" DESC NULLS LAST, device_id);
SELECT * FROM create_hypertable('"public"."two_Partitions"'::regclass, 'timeCustom'::name, 'device_id'::name, associated_schema_name=>'_timescaledb_internal'::text, number_partitions => 2, chunk_time_interval=>_timescaledb_internal.interval_to_usec('1 month'));
\set QUIET off
BEGIN;
\COPY public."two_Partitions" FROM 'data/ds1_dev1_1.tsv' NULL AS '';
COMMIT;
INSERT INTO public."two_Partitions"("timeCustom", device_id, series_0, series_1) VALUES
(1257987600000000000, 'dev1', 1.5, 1),
(1257987600000000000, 'dev1', 1.5, 2),
(1257894000000000000, 'dev2', 1.5, 1),
(1257894002000000000, 'dev1', 2.5, 3);
INSERT INTO "two_Partitions"("timeCustom", device_id, series_0, series_1) VALUES
(1257894000000000000, 'dev2', 1.5, 2);
\set QUIET on
\o
\c single :ROLE_SUPERUSER
CREATE SCHEMA test_schema AUTHORIZATION :ROLE_DEFAULT_PERM_USER;
\c single
ALTER TABLE PUBLIC."two_Partitions" SET SCHEMA "test_schema";
-- Test that we can restore constraints
ALTER TABLE "test_schema"."two_Partitions"
ADD CONSTRAINT timeCustom_device_id_series_2_key
UNIQUE ("timeCustom", device_id, series_2);
-- Test that we can restore triggers
CREATE OR REPLACE FUNCTION test_trigger()
    RETURNS TRIGGER LANGUAGE PLPGSQL AS
$BODY$
BEGIN
    RETURN NEW;
END
$BODY$;
-- Test that a custom chunk sizing function is restored
CREATE OR REPLACE FUNCTION custom_calculate_chunk_interval(
        dimension_id INTEGER,
        dimension_coord BIGINT,
        chunk_target_size BIGINT
)
    RETURNS BIGINT LANGUAGE PLPGSQL AS
$BODY$
DECLARE
BEGIN
    RETURN -1;
END
$BODY$;
SELECT * FROM set_adaptive_chunking('"test_schema"."two_Partitions"', '1 MB', 'custom_calculate_chunk_interval');
WARNING:  target chunk size for adaptive chunking is less than 10 MB
        chunk_sizing_func        | chunk_target_size 
---------------------------------+-------------------
 custom_calculate_chunk_interval |           1048576
(1 row)

-- Chunk sizing func set
SELECT * FROM _timescaledb_catalog.hypertable;
 id | schema_name |   table_name   | associated_schema_name | associated_table_prefix | num_dimensions | chunk_sizing_func_schema |     chunk_sizing_func_name      | chunk_target_size 
----+-------------+----------------+------------------------+-------------------------+----------------+--------------------------+---------------------------------+-------------------
  1 | test_schema | two_Partitions | _timescaledb_internal  | _hyper_1                |              2 | public                   | custom_calculate_chunk_interval |           1048576
(1 row)

SELECT proname, pronamespace, pronargs
FROM pg_proc WHERE proname = 'custom_calculate_chunk_interval';
             proname             | pronamespace | pronargs 
---------------------------------+--------------+----------
 custom_calculate_chunk_interval |         2200 |        3
(1 row)

CREATE TRIGGER restore_trigger BEFORE INSERT ON "test_schema"."two_Partitions"
FOR EACH ROW EXECUTE PROCEDURE test_trigger();
SELECT count(*)
  FROM pg_depend
 WHERE refclassid = 'pg_extension'::regclass
     AND refobjid = (SELECT oid FROM pg_extension WHERE extname = 'timescaledb');
 count 
-------
    97
(1 row)

SELECT * FROM test.show_columns('"test_schema"."two_Partitions"');
   Column    |       Type       | Nullable 
-------------+------------------+----------
 timeCustom  | bigint           | t
 device_id   | text             | t
 series_0    | double precision | f
 series_1    | double precision | f
 series_2    | double precision | f
 series_bool | boolean          | f
(6 rows)

SELECT * FROM test.show_columns('_timescaledb_internal._hyper_1_1_chunk');
   Column    |       Type       | Nullable 
-------------+------------------+----------
 timeCustom  | bigint           | t
 device_id   | text             | t
 series_0    | double precision | f
 series_1    | double precision | f
 series_2    | double precision | f
 series_bool | boolean          | f
(6 rows)

SELECT * FROM test.show_indexes('"test_schema"."two_Partitions"');
                          Index                          |             Columns             | Expr | Unique | Primary | Exclusion | Tablespace 
---------------------------------------------------------+---------------------------------+------+--------+---------+-----------+------------
 test_schema."two_Partitions_device_id_timeCustom_idx"   | {device_id,timeCustom}          |      | f      | f       | f         | 
 test_schema."two_Partitions_timeCustom_series_0_idx"    | {timeCustom,series_0}           |      | f      | f       | f         | 
 test_schema."two_Partitions_timeCustom_series_1_idx"    | {timeCustom,series_1}           |      | f      | f       | f         | 
 test_schema."two_Partitions_timeCustom_series_2_idx"    | {timeCustom,series_2}           |      | f      | f       | f         | 
 test_schema."two_Partitions_timeCustom_series_bool_idx" | {timeCustom,series_bool}        |      | f      | f       | f         | 
 test_schema."two_Partitions_timeCustom_device_id_idx"   | {timeCustom,device_id}          |      | f      | f       | f         | 
 test_schema."two_Partitions_timeCustom_idx"             | {timeCustom}                    |      | f      | f       | f         | 
 test_schema.timecustom_device_id_series_2_key           | {timeCustom,device_id,series_2} |      | t      | f       | f         | 
(8 rows)

SELECT * FROM test.show_indexes('_timescaledb_internal._hyper_1_1_chunk');
                                       Index                                        |             Columns             | Expr | Unique | Primary | Exclusion | Tablespace 
------------------------------------------------------------------------------------+---------------------------------+------+--------+---------+-----------+------------
 _timescaledb_internal."_hyper_1_1_chunk_two_Partitions_device_id_timeCustom_idx"   | {device_id,timeCustom}          |      | f      | f       | f         | 
 _timescaledb_internal."_hyper_1_1_chunk_two_Partitions_timeCustom_series_0_idx"    | {timeCustom,series_0}           |      | f      | f       | f         | 
 _timescaledb_internal."_hyper_1_1_chunk_two_Partitions_timeCustom_series_1_idx"    | {timeCustom,series_1}           |      | f      | f       | f         | 
 _timescaledb_internal."_hyper_1_1_chunk_two_Partitions_timeCustom_series_2_idx"    | {timeCustom,series_2}           |      | f      | f       | f         | 
 _timescaledb_internal."_hyper_1_1_chunk_two_Partitions_timeCustom_series_bool_idx" | {timeCustom,series_bool}        |      | f      | f       | f         | 
 _timescaledb_internal."_hyper_1_1_chunk_two_Partitions_timeCustom_device_id_idx"   | {timeCustom,device_id}          |      | f      | f       | f         | 
 _timescaledb_internal."_hyper_1_1_chunk_two_Partitions_timeCustom_idx"             | {timeCustom}                    |      | f      | f       | f         | 
 _timescaledb_internal."1_1_timecustom_device_id_series_2_key"                      | {timeCustom,device_id,series_2} |      | t      | f       | f         | 
(8 rows)

SELECT * FROM test.show_constraints('"test_schema"."two_Partitions"');
            Constraint             | Type |             Columns             |                     Index                     | Expr | Deferrable | Deferred | Validated 
-----------------------------------+------+---------------------------------+-----------------------------------------------+------+------------+----------+-----------
 timecustom_device_id_series_2_key | u    | {timeCustom,device_id,series_2} | test_schema.timecustom_device_id_series_2_key |      | f          | f        | t
(1 row)

SELECT * FROM test.show_constraints('_timescaledb_internal._hyper_1_1_chunk');
              Constraint               | Type |             Columns             |                             Index                             |                                                 Expr                                                 | Deferrable | Deferred | Validated 
---------------------------------------+------+---------------------------------+---------------------------------------------------------------+------------------------------------------------------------------------------------------------------+------------+----------+-----------
 1_1_timecustom_device_id_series_2_key | u    | {timeCustom,device_id,series_2} | _timescaledb_internal."1_1_timecustom_device_id_series_2_key" |                                                                                                      | f          | f        | t
 constraint_1                          | c    | {timeCustom}                    | -                                                             | (("timeCustom" >= '1257892416000000000'::bigint) AND ("timeCustom" < '1257895008000000000'::bigint)) | f          | f        | t
 constraint_2                          | c    | {device_id}                     | -                                                             | (_timescaledb_internal.get_partition_hash(device_id) >= 1073741823)                                  | f          | f        | t
(3 rows)

SELECT * FROM test.show_triggers('"test_schema"."two_Partitions"');
     Trigger     | Type |   Function   |                                                  Definition                                                  
-----------------+------+--------------+--------------------------------------------------------------------------------------------------------------
 restore_trigger |    7 | test_trigger |  restore_trigger BEFORE INSERT ON test_schema."two_Partitions" FOR EACH ROW EXECUTE PROCEDURE test_trigger()
(1 row)

SELECT * FROM test.show_triggers('_timescaledb_internal._hyper_1_1_chunk');
     Trigger     | Type |   Function   |                                                       Definition                                                       
-----------------+------+--------------+------------------------------------------------------------------------------------------------------------------------
 restore_trigger |    7 | test_trigger |  restore_trigger BEFORE INSERT ON _timescaledb_internal._hyper_1_1_chunk FOR EACH ROW EXECUTE PROCEDURE test_trigger()
(1 row)

SELECT * FROM "test_schema"."two_Partitions" ORDER BY "timeCustom", device_id;
     timeCustom      | device_id | series_0 | series_1 | series_2 | series_bool 
---------------------+-----------+----------+----------+----------+-------------
 1257894000000000000 | dev1      |      1.5 |        1 |        2 | t
 1257894000000000000 | dev1      |      1.5 |        2 |          | 
 1257894000000000000 | dev2      |      1.5 |        2 |          | 
 1257894000000000000 | dev2      |      1.5 |        1 |          | 
 1257894000000001000 | dev1      |      2.5 |        3 |          | 
 1257894001000000000 | dev1      |      3.5 |        4 |          | 
 1257894002000000000 | dev1      |      2.5 |        3 |          | 
 1257894002000000000 | dev1      |      5.5 |        6 |          | t
 1257894002000000000 | dev1      |      5.5 |        7 |          | f
 1257897600000000000 | dev1      |      4.5 |        5 |          | f
 1257987600000000000 | dev1      |      1.5 |        2 |          | 
 1257987600000000000 | dev1      |      1.5 |        1 |          | 
(12 rows)

SELECT * FROM _timescaledb_internal._hyper_1_1_chunk ORDER BY "timeCustom", device_id;
     timeCustom      | device_id | series_0 | series_1 | series_2 | series_bool 
---------------------+-----------+----------+----------+----------+-------------
 1257894000000000000 | dev1      |      1.5 |        1 |        2 | t
 1257894000000000000 | dev1      |      1.5 |        2 |          | 
 1257894000000001000 | dev1      |      2.5 |        3 |          | 
 1257894001000000000 | dev1      |      3.5 |        4 |          | 
 1257894002000000000 | dev1      |      5.5 |        6 |          | t
 1257894002000000000 | dev1      |      5.5 |        7 |          | f
 1257894002000000000 | dev1      |      2.5 |        3 |          | 
(7 rows)

SELECT * FROM _timescaledb_internal._hyper_1_2_chunk ORDER BY "timeCustom", device_id;
     timeCustom      | device_id | series_0 | series_1 | series_2 | series_bool 
---------------------+-----------+----------+----------+----------+-------------
 1257897600000000000 | dev1      |      4.5 |        5 |          | f
(1 row)

-- Show all index mappings
SELECT * FROM _timescaledb_catalog.chunk_index;
 chunk_id |                         index_name                         | hypertable_id |           hypertable_index_name           
----------+------------------------------------------------------------+---------------+-------------------------------------------
        1 | _hyper_1_1_chunk_two_Partitions_device_id_timeCustom_idx   |             1 | two_Partitions_device_id_timeCustom_idx
        1 | _hyper_1_1_chunk_two_Partitions_timeCustom_series_0_idx    |             1 | two_Partitions_timeCustom_series_0_idx
        1 | _hyper_1_1_chunk_two_Partitions_timeCustom_series_1_idx    |             1 | two_Partitions_timeCustom_series_1_idx
        1 | _hyper_1_1_chunk_two_Partitions_timeCustom_series_2_idx    |             1 | two_Partitions_timeCustom_series_2_idx
        1 | _hyper_1_1_chunk_two_Partitions_timeCustom_series_bool_idx |             1 | two_Partitions_timeCustom_series_bool_idx
        1 | _hyper_1_1_chunk_two_Partitions_timeCustom_device_id_idx   |             1 | two_Partitions_timeCustom_device_id_idx
        1 | _hyper_1_1_chunk_two_Partitions_timeCustom_idx             |             1 | two_Partitions_timeCustom_idx
        2 | _hyper_1_2_chunk_two_Partitions_device_id_timeCustom_idx   |             1 | two_Partitions_device_id_timeCustom_idx
        2 | _hyper_1_2_chunk_two_Partitions_timeCustom_series_0_idx    |             1 | two_Partitions_timeCustom_series_0_idx
        2 | _hyper_1_2_chunk_two_Partitions_timeCustom_series_1_idx    |             1 | two_Partitions_timeCustom_series_1_idx
        2 | _hyper_1_2_chunk_two_Partitions_timeCustom_series_2_idx    |             1 | two_Partitions_timeCustom_series_2_idx
        2 | _hyper_1_2_chunk_two_Partitions_timeCustom_series_bool_idx |             1 | two_Partitions_timeCustom_series_bool_idx
        2 | _hyper_1_2_chunk_two_Partitions_timeCustom_device_id_idx   |             1 | two_Partitions_timeCustom_device_id_idx
        2 | _hyper_1_2_chunk_two_Partitions_timeCustom_idx             |             1 | two_Partitions_timeCustom_idx
        3 | _hyper_1_3_chunk_two_Partitions_device_id_timeCustom_idx   |             1 | two_Partitions_device_id_timeCustom_idx
        3 | _hyper_1_3_chunk_two_Partitions_timeCustom_series_0_idx    |             1 | two_Partitions_timeCustom_series_0_idx
        3 | _hyper_1_3_chunk_two_Partitions_timeCustom_series_1_idx    |             1 | two_Partitions_timeCustom_series_1_idx
        3 | _hyper_1_3_chunk_two_Partitions_timeCustom_series_2_idx    |             1 | two_Partitions_timeCustom_series_2_idx
        3 | _hyper_1_3_chunk_two_Partitions_timeCustom_series_bool_idx |             1 | two_Partitions_timeCustom_series_bool_idx
        3 | _hyper_1_3_chunk_two_Partitions_timeCustom_device_id_idx   |             1 | two_Partitions_timeCustom_device_id_idx
        3 | _hyper_1_3_chunk_two_Partitions_timeCustom_idx             |             1 | two_Partitions_timeCustom_idx
        4 | _hyper_1_4_chunk_two_Partitions_device_id_timeCustom_idx   |             1 | two_Partitions_device_id_timeCustom_idx
        4 | _hyper_1_4_chunk_two_Partitions_timeCustom_series_0_idx    |             1 | two_Partitions_timeCustom_series_0_idx
        4 | _hyper_1_4_chunk_two_Partitions_timeCustom_series_1_idx    |             1 | two_Partitions_timeCustom_series_1_idx
        4 | _hyper_1_4_chunk_two_Partitions_timeCustom_series_2_idx    |             1 | two_Partitions_timeCustom_series_2_idx
        4 | _hyper_1_4_chunk_two_Partitions_timeCustom_series_bool_idx |             1 | two_Partitions_timeCustom_series_bool_idx
        4 | _hyper_1_4_chunk_two_Partitions_timeCustom_device_id_idx   |             1 | two_Partitions_timeCustom_device_id_idx
        4 | _hyper_1_4_chunk_two_Partitions_timeCustom_idx             |             1 | two_Partitions_timeCustom_idx
        1 | 1_1_timecustom_device_id_series_2_key                      |             1 | timecustom_device_id_series_2_key
        2 | 2_2_timecustom_device_id_series_2_key                      |             1 | timecustom_device_id_series_2_key
        3 | 3_3_timecustom_device_id_series_2_key                      |             1 | timecustom_device_id_series_2_key
        4 | 4_4_timecustom_device_id_series_2_key                      |             1 | timecustom_device_id_series_2_key
(32 rows)

SELECT * FROM _timescaledb_catalog.chunk_constraint;
 chunk_id | dimension_slice_id |            constraint_name            |    hypertable_constraint_name     
----------+--------------------+---------------------------------------+-----------------------------------
        1 |                  1 | constraint_1                          | 
        1 |                  2 | constraint_2                          | 
        2 |                  3 | constraint_3                          | 
        2 |                  2 | constraint_2                          | 
        3 |                  4 | constraint_4                          | 
        3 |                  2 | constraint_2                          | 
        4 |                  1 | constraint_1                          | 
        4 |                  5 | constraint_5                          | 
        1 |                    | 1_1_timecustom_device_id_series_2_key | timecustom_device_id_series_2_key
        2 |                    | 2_2_timecustom_device_id_series_2_key | timecustom_device_id_series_2_key
        3 |                    | 3_3_timecustom_device_id_series_2_key | timecustom_device_id_series_2_key
        4 |                    | 4_4_timecustom_device_id_series_2_key | timecustom_device_id_series_2_key
(12 rows)

\c postgres :ROLE_SUPERUSER
\! pg_dump -h localhost -U :ROLE_SUPERUSER -Fc single > dump/single.sql
pg_dump: [archiver (db)] connection to database "single" failed: FATAL:  role ":ROLE_SUPERUSER" does not exist
\! dropdb -h localhost -U :ROLE_SUPERUSER single
dropdb: could not connect to database template1: FATAL:  role ":ROLE_SUPERUSER" does not exist
\! createdb -h localhost -U :ROLE_SUPERUSER single
createdb: could not connect to database template1: FATAL:  role ":ROLE_SUPERUSER" does not exist
ALTER DATABASE single SET timescaledb.restoring='on';
\! pg_restore -h localhost -U :ROLE_SUPERUSER -d single dump/single.sql
pg_restore: [archiver] input file is too short (read 0, expected 5)
\c single
-- Set to OFF for future DB sessions.
ALTER DATABASE single SET timescaledb.restoring='off';
-- Inserting with restoring ON in current session causes tuples to be
-- inserted on main table, but this should be protected by the insert
-- blocking trigger.
\set ON_ERROR_STOP 0
INSERT INTO "test_schema"."two_Partitions"("timeCustom", device_id, series_0, series_1)
VALUES (1357894000000000000, 'dev5', 1.5, 2);
ERROR:  cannot INSERT into hypertable "two_Partitions" during restore
\set ON_ERROR_STOP 1
-- Now set to OFF in current session to reenable TimescaleDB. Check
-- INSERTs below.
SET timescaledb.restoring='off';
--should be same as count above
SELECT count(*)
  FROM pg_depend
 WHERE refclassid = 'pg_extension'::regclass
     AND refobjid = (SELECT oid FROM pg_extension WHERE extname = 'timescaledb');
 count 
-------
    97
(1 row)

--main table and chunk schemas should be the same
SELECT * FROM test.show_columns('"test_schema"."two_Partitions"');
   Column    |       Type       | Nullable 
-------------+------------------+----------
 timeCustom  | bigint           | t
 device_id   | text             | t
 series_0    | double precision | f
 series_1    | double precision | f
 series_2    | double precision | f
 series_bool | boolean          | f
(6 rows)

SELECT * FROM test.show_columns('_timescaledb_internal._hyper_1_1_chunk');
   Column    |       Type       | Nullable 
-------------+------------------+----------
 timeCustom  | bigint           | t
 device_id   | text             | t
 series_0    | double precision | f
 series_1    | double precision | f
 series_2    | double precision | f
 series_bool | boolean          | f
(6 rows)

SELECT * FROM test.show_indexes('"test_schema"."two_Partitions"');
                          Index                          |             Columns             | Expr | Unique | Primary | Exclusion | Tablespace 
---------------------------------------------------------+---------------------------------+------+--------+---------+-----------+------------
 test_schema."two_Partitions_device_id_timeCustom_idx"   | {device_id,timeCustom}          |      | f      | f       | f         | 
 test_schema."two_Partitions_timeCustom_series_0_idx"    | {timeCustom,series_0}           |      | f      | f       | f         | 
 test_schema."two_Partitions_timeCustom_series_1_idx"    | {timeCustom,series_1}           |      | f      | f       | f         | 
 test_schema."two_Partitions_timeCustom_series_2_idx"    | {timeCustom,series_2}           |      | f      | f       | f         | 
 test_schema."two_Partitions_timeCustom_series_bool_idx" | {timeCustom,series_bool}        |      | f      | f       | f         | 
 test_schema."two_Partitions_timeCustom_device_id_idx"   | {timeCustom,device_id}          |      | f      | f       | f         | 
 test_schema."two_Partitions_timeCustom_idx"             | {timeCustom}                    |      | f      | f       | f         | 
 test_schema.timecustom_device_id_series_2_key           | {timeCustom,device_id,series_2} |      | t      | f       | f         | 
(8 rows)

SELECT * FROM test.show_indexes('_timescaledb_internal._hyper_1_1_chunk');
                                       Index                                        |             Columns             | Expr | Unique | Primary | Exclusion | Tablespace 
------------------------------------------------------------------------------------+---------------------------------+------+--------+---------+-----------+------------
 _timescaledb_internal."_hyper_1_1_chunk_two_Partitions_device_id_timeCustom_idx"   | {device_id,timeCustom}          |      | f      | f       | f         | 
 _timescaledb_internal."_hyper_1_1_chunk_two_Partitions_timeCustom_series_0_idx"    | {timeCustom,series_0}           |      | f      | f       | f         | 
 _timescaledb_internal."_hyper_1_1_chunk_two_Partitions_timeCustom_series_1_idx"    | {timeCustom,series_1}           |      | f      | f       | f         | 
 _timescaledb_internal."_hyper_1_1_chunk_two_Partitions_timeCustom_series_2_idx"    | {timeCustom,series_2}           |      | f      | f       | f         | 
 _timescaledb_internal."_hyper_1_1_chunk_two_Partitions_timeCustom_series_bool_idx" | {timeCustom,series_bool}        |      | f      | f       | f         | 
 _timescaledb_internal."_hyper_1_1_chunk_two_Partitions_timeCustom_device_id_idx"   | {timeCustom,device_id}          |      | f      | f       | f         | 
 _timescaledb_internal."_hyper_1_1_chunk_two_Partitions_timeCustom_idx"             | {timeCustom}                    |      | f      | f       | f         | 
 _timescaledb_internal."1_1_timecustom_device_id_series_2_key"                      | {timeCustom,device_id,series_2} |      | t      | f       | f         | 
(8 rows)

SELECT * FROM test.show_constraints('"test_schema"."two_Partitions"');
            Constraint             | Type |             Columns             |                     Index                     | Expr | Deferrable | Deferred | Validated 
-----------------------------------+------+---------------------------------+-----------------------------------------------+------+------------+----------+-----------
 timecustom_device_id_series_2_key | u    | {timeCustom,device_id,series_2} | test_schema.timecustom_device_id_series_2_key |      | f          | f        | t
(1 row)

SELECT * FROM test.show_constraints('_timescaledb_internal._hyper_1_1_chunk');
              Constraint               | Type |             Columns             |                             Index                             |                                                 Expr                                                 | Deferrable | Deferred | Validated 
---------------------------------------+------+---------------------------------+---------------------------------------------------------------+------------------------------------------------------------------------------------------------------+------------+----------+-----------
 1_1_timecustom_device_id_series_2_key | u    | {timeCustom,device_id,series_2} | _timescaledb_internal."1_1_timecustom_device_id_series_2_key" |                                                                                                      | f          | f        | t
 constraint_1                          | c    | {timeCustom}                    | -                                                             | (("timeCustom" >= '1257892416000000000'::bigint) AND ("timeCustom" < '1257895008000000000'::bigint)) | f          | f        | t
 constraint_2                          | c    | {device_id}                     | -                                                             | (_timescaledb_internal.get_partition_hash(device_id) >= 1073741823)                                  | f          | f        | t
(3 rows)

SELECT * FROM test.show_triggers('"test_schema"."two_Partitions"');
     Trigger     | Type |   Function   |                                                  Definition                                                  
-----------------+------+--------------+--------------------------------------------------------------------------------------------------------------
 restore_trigger |    7 | test_trigger |  restore_trigger BEFORE INSERT ON test_schema."two_Partitions" FOR EACH ROW EXECUTE PROCEDURE test_trigger()
(1 row)

SELECT * FROM test.show_triggers('_timescaledb_internal._hyper_1_1_chunk');
     Trigger     | Type |   Function   |                                                       Definition                                                       
-----------------+------+--------------+------------------------------------------------------------------------------------------------------------------------
 restore_trigger |    7 | test_trigger |  restore_trigger BEFORE INSERT ON _timescaledb_internal._hyper_1_1_chunk FOR EACH ROW EXECUTE PROCEDURE test_trigger()
(1 row)

--data should be the same
SELECT * FROM "test_schema"."two_Partitions" ORDER BY "timeCustom", device_id;
     timeCustom      | device_id | series_0 | series_1 | series_2 | series_bool 
---------------------+-----------+----------+----------+----------+-------------
 1257894000000000000 | dev1      |      1.5 |        1 |        2 | t
 1257894000000000000 | dev1      |      1.5 |        2 |          | 
 1257894000000000000 | dev2      |      1.5 |        2 |          | 
 1257894000000000000 | dev2      |      1.5 |        1 |          | 
 1257894000000001000 | dev1      |      2.5 |        3 |          | 
 1257894001000000000 | dev1      |      3.5 |        4 |          | 
 1257894002000000000 | dev1      |      2.5 |        3 |          | 
 1257894002000000000 | dev1      |      5.5 |        6 |          | t
 1257894002000000000 | dev1      |      5.5 |        7 |          | f
 1257897600000000000 | dev1      |      4.5 |        5 |          | f
 1257987600000000000 | dev1      |      1.5 |        2 |          | 
 1257987600000000000 | dev1      |      1.5 |        1 |          | 
(12 rows)

SELECT * FROM _timescaledb_internal._hyper_1_1_chunk ORDER BY "timeCustom", device_id;
     timeCustom      | device_id | series_0 | series_1 | series_2 | series_bool 
---------------------+-----------+----------+----------+----------+-------------
 1257894000000000000 | dev1      |      1.5 |        1 |        2 | t
 1257894000000000000 | dev1      |      1.5 |        2 |          | 
 1257894000000001000 | dev1      |      2.5 |        3 |          | 
 1257894001000000000 | dev1      |      3.5 |        4 |          | 
 1257894002000000000 | dev1      |      5.5 |        6 |          | t
 1257894002000000000 | dev1      |      5.5 |        7 |          | f
 1257894002000000000 | dev1      |      2.5 |        3 |          | 
(7 rows)

SELECT * FROM _timescaledb_internal._hyper_1_2_chunk ORDER BY "timeCustom", device_id;
     timeCustom      | device_id | series_0 | series_1 | series_2 | series_bool 
---------------------+-----------+----------+----------+----------+-------------
 1257897600000000000 | dev1      |      4.5 |        5 |          | f
(1 row)

SELECT * FROM _timescaledb_catalog.chunk_index;
 chunk_id |                         index_name                         | hypertable_id |           hypertable_index_name           
----------+------------------------------------------------------------+---------------+-------------------------------------------
        1 | _hyper_1_1_chunk_two_Partitions_device_id_timeCustom_idx   |             1 | two_Partitions_device_id_timeCustom_idx
        1 | _hyper_1_1_chunk_two_Partitions_timeCustom_series_0_idx    |             1 | two_Partitions_timeCustom_series_0_idx
        1 | _hyper_1_1_chunk_two_Partitions_timeCustom_series_1_idx    |             1 | two_Partitions_timeCustom_series_1_idx
        1 | _hyper_1_1_chunk_two_Partitions_timeCustom_series_2_idx    |             1 | two_Partitions_timeCustom_series_2_idx
        1 | _hyper_1_1_chunk_two_Partitions_timeCustom_series_bool_idx |             1 | two_Partitions_timeCustom_series_bool_idx
        1 | _hyper_1_1_chunk_two_Partitions_timeCustom_device_id_idx   |             1 | two_Partitions_timeCustom_device_id_idx
        1 | _hyper_1_1_chunk_two_Partitions_timeCustom_idx             |             1 | two_Partitions_timeCustom_idx
        2 | _hyper_1_2_chunk_two_Partitions_device_id_timeCustom_idx   |             1 | two_Partitions_device_id_timeCustom_idx
        2 | _hyper_1_2_chunk_two_Partitions_timeCustom_series_0_idx    |             1 | two_Partitions_timeCustom_series_0_idx
        2 | _hyper_1_2_chunk_two_Partitions_timeCustom_series_1_idx    |             1 | two_Partitions_timeCustom_series_1_idx
        2 | _hyper_1_2_chunk_two_Partitions_timeCustom_series_2_idx    |             1 | two_Partitions_timeCustom_series_2_idx
        2 | _hyper_1_2_chunk_two_Partitions_timeCustom_series_bool_idx |             1 | two_Partitions_timeCustom_series_bool_idx
        2 | _hyper_1_2_chunk_two_Partitions_timeCustom_device_id_idx   |             1 | two_Partitions_timeCustom_device_id_idx
        2 | _hyper_1_2_chunk_two_Partitions_timeCustom_idx             |             1 | two_Partitions_timeCustom_idx
        3 | _hyper_1_3_chunk_two_Partitions_device_id_timeCustom_idx   |             1 | two_Partitions_device_id_timeCustom_idx
        3 | _hyper_1_3_chunk_two_Partitions_timeCustom_series_0_idx    |             1 | two_Partitions_timeCustom_series_0_idx
        3 | _hyper_1_3_chunk_two_Partitions_timeCustom_series_1_idx    |             1 | two_Partitions_timeCustom_series_1_idx
        3 | _hyper_1_3_chunk_two_Partitions_timeCustom_series_2_idx    |             1 | two_Partitions_timeCustom_series_2_idx
        3 | _hyper_1_3_chunk_two_Partitions_timeCustom_series_bool_idx |             1 | two_Partitions_timeCustom_series_bool_idx
        3 | _hyper_1_3_chunk_two_Partitions_timeCustom_device_id_idx   |             1 | two_Partitions_timeCustom_device_id_idx
        3 | _hyper_1_3_chunk_two_Partitions_timeCustom_idx             |             1 | two_Partitions_timeCustom_idx
        4 | _hyper_1_4_chunk_two_Partitions_device_id_timeCustom_idx   |             1 | two_Partitions_device_id_timeCustom_idx
        4 | _hyper_1_4_chunk_two_Partitions_timeCustom_series_0_idx    |             1 | two_Partitions_timeCustom_series_0_idx
        4 | _hyper_1_4_chunk_two_Partitions_timeCustom_series_1_idx    |             1 | two_Partitions_timeCustom_series_1_idx
        4 | _hyper_1_4_chunk_two_Partitions_timeCustom_series_2_idx    |             1 | two_Partitions_timeCustom_series_2_idx
        4 | _hyper_1_4_chunk_two_Partitions_timeCustom_series_bool_idx |             1 | two_Partitions_timeCustom_series_bool_idx
        4 | _hyper_1_4_chunk_two_Partitions_timeCustom_device_id_idx   |             1 | two_Partitions_timeCustom_device_id_idx
        4 | _hyper_1_4_chunk_two_Partitions_timeCustom_idx             |             1 | two_Partitions_timeCustom_idx
        1 | 1_1_timecustom_device_id_series_2_key                      |             1 | timecustom_device_id_series_2_key
        2 | 2_2_timecustom_device_id_series_2_key                      |             1 | timecustom_device_id_series_2_key
        3 | 3_3_timecustom_device_id_series_2_key                      |             1 | timecustom_device_id_series_2_key
        4 | 4_4_timecustom_device_id_series_2_key                      |             1 | timecustom_device_id_series_2_key
(32 rows)

SELECT * FROM _timescaledb_catalog.chunk_constraint;
 chunk_id | dimension_slice_id |            constraint_name            |    hypertable_constraint_name     
----------+--------------------+---------------------------------------+-----------------------------------
        1 |                  1 | constraint_1                          | 
        1 |                  2 | constraint_2                          | 
        2 |                  3 | constraint_3                          | 
        2 |                  2 | constraint_2                          | 
        3 |                  4 | constraint_4                          | 
        3 |                  2 | constraint_2                          | 
        4 |                  1 | constraint_1                          | 
        4 |                  5 | constraint_5                          | 
        1 |                    | 1_1_timecustom_device_id_series_2_key | timecustom_device_id_series_2_key
        2 |                    | 2_2_timecustom_device_id_series_2_key | timecustom_device_id_series_2_key
        3 |                    | 3_3_timecustom_device_id_series_2_key | timecustom_device_id_series_2_key
        4 |                    | 4_4_timecustom_device_id_series_2_key | timecustom_device_id_series_2_key
(12 rows)

--Chunk sizing function should have been restored
SELECT * FROM _timescaledb_catalog.hypertable;
 id | schema_name |   table_name   | associated_schema_name | associated_table_prefix | num_dimensions | chunk_sizing_func_schema |     chunk_sizing_func_name      | chunk_target_size 
----+-------------+----------------+------------------------+-------------------------+----------------+--------------------------+---------------------------------+-------------------
  1 | test_schema | two_Partitions | _timescaledb_internal  | _hyper_1                |              2 | public                   | custom_calculate_chunk_interval |           1048576
(1 row)

SELECT proname, pronamespace, pronargs
FROM pg_proc WHERE proname = 'custom_calculate_chunk_interval';
             proname             | pronamespace | pronargs 
---------------------------------+--------------+----------
 custom_calculate_chunk_interval |         2200 |        3
(1 row)

--check simple ddl still works
ALTER TABLE "test_schema"."two_Partitions" ADD COLUMN series_3 integer;
INSERT INTO "test_schema"."two_Partitions"("timeCustom", device_id, series_0, series_1, series_3) VALUES
(1357894000000000000, 'dev5', 1.5, 2, 4);
SELECT * FROM ONLY "test_schema"."two_Partitions";
 timeCustom | device_id | series_0 | series_1 | series_2 | series_bool | series_3 
------------+-----------+----------+----------+----------+-------------+----------
(0 rows)

--query for the extension tables/sequences that will not be dumped by pg_dump (should be empty except for views)
SELECT objid::regclass
FROM pg_catalog.pg_depend
WHERE   refclassid = 'pg_catalog.pg_extension'::pg_catalog.regclass AND
        refobjid = (select oid from pg_extension where extname='timescaledb') AND
        deptype = 'e' AND
        classid='pg_catalog.pg_class'::pg_catalog.regclass
        AND objid NOT IN (select unnest(extconfig) from pg_extension where extname='timescaledb')
                 objid                  
----------------------------------------
 _timescaledb_catalog.tablespace_id_seq
(1 row)

