\set ECHO errors
 ?column? 
----------
 Done
(1 row)

