/*---- Initialize repository DB ----*/
/*---- Initialize monitored instance (replication configuration) ----*/
NOTICE:  pg_stop_backup complete, all required WAL segments have been archived
/***-- Statistics of WAL (MASTER) --***/
 snapid | location | xlogfile 
--------+----------+----------
      1 | xxx      | xxx
(1 row)

/***-- Statistics of archive (MASTER) --***/
 snapid | archived_count | last_archived_wal | last_archived_time | failed_count | last_failed_wal | last_failed_time | stats_reset 
--------+----------------+-------------------+--------------------+--------------+-----------------+------------------+-------------
      2 |              1 | xxx               | xxx                |            0 |                 |                  | xxx
(1 row)

/***-- Statistics of replication (MASTER) --***/
 snapid | procpid | usesysid | usename  | application_name | client_addr | client_hostname | client_port | backend_start | backend_xmin |   state   | current_location | sent_location | write_location | flush_location | replay_location | sync_priority | sync_state 
--------+---------+----------+----------+------------------+-------------+-----------------+-------------+---------------+--------------+-----------+------------------+---------------+----------------+----------------+-----------------+---------------+------------
      2 | xxx     | xxx      | postgres | xxx              | xxx         | xxx             | xxx         | xxx           | xxx          | streaming | xxx              | xxx           | xxx            | xxx            | xxx             |             0 | async
(1 row)

/***-- Statistics of WAL (STANDBY) --***/
 snapid | location | xlogfile 
--------+----------+----------
(0 rows)

/***-- Statistics of archive (STANDBY) --***/
 snapid | archived_count | last_archived_wal | last_archived_time | failed_count | last_failed_wal | last_failed_time | stats_reset 
--------+----------------+-------------------+--------------------+--------------+-----------------+------------------+-------------
      3 |              0 |                   |                    |            0 |                 |                  | xxx
(1 row)

/***-- Statistics of replication (STANDBY) --***/
 snapid | procpid | usesysid | usename | application_name | client_addr | client_hostname | client_port | backend_start | backend_xmin | state | current_location | sent_location | write_location | flush_location | replay_location | sync_priority | sync_state 
--------+---------+----------+---------+------------------+-------------+-----------------+-------------+---------------+--------------+-------+------------------+---------------+----------------+----------------+-----------------+---------------+------------
(0 rows)

